Archive member included to satisfy reference by file (symbol)

c:/program files/stm32cubeide_1.12.1/stm32cubeide/plugins/com.st.stm32cube.ide.mcu.externaltools.gnu-tools-for-stm32.10.3-2021.10.win32_1.0.200.202301161003/tools/bin/../lib/gcc/arm-none-eabi/10.3.1/../../../../arm-none-eabi/lib/thumb/v7e-m+fp/hard\libc_nano.a(lib_a-errno.o)
                              ./Core/Src/syscalls.o (__errno)
c:/program files/stm32cubeide_1.12.1/stm32cubeide/plugins/com.st.stm32cube.ide.mcu.externaltools.gnu-tools-for-stm32.10.3-2021.10.win32_1.0.200.202301161003/tools/bin/../lib/gcc/arm-none-eabi/10.3.1/../../../../arm-none-eabi/lib/thumb/v7e-m+fp/hard\libc_nano.a(lib_a-exit.o)
                              c:/program files/stm32cubeide_1.12.1/stm32cubeide/plugins/com.st.stm32cube.ide.mcu.externaltools.gnu-tools-for-stm32.10.3-2021.10.win32_1.0.200.202301161003/tools/bin/../lib/gcc/arm-none-eabi/10.3.1/../../../../arm-none-eabi/lib/thumb/v7e-m+fp/hard/crt0.o (exit)
c:/program files/stm32cubeide_1.12.1/stm32cubeide/plugins/com.st.stm32cube.ide.mcu.externaltools.gnu-tools-for-stm32.10.3-2021.10.win32_1.0.200.202301161003/tools/bin/../lib/gcc/arm-none-eabi/10.3.1/../../../../arm-none-eabi/lib/thumb/v7e-m+fp/hard\libc_nano.a(lib_a-impure.o)
                              c:/program files/stm32cubeide_1.12.1/stm32cubeide/plugins/com.st.stm32cube.ide.mcu.externaltools.gnu-tools-for-stm32.10.3-2021.10.win32_1.0.200.202301161003/tools/bin/../lib/gcc/arm-none-eabi/10.3.1/../../../../arm-none-eabi/lib/thumb/v7e-m+fp/hard\libc_nano.a(lib_a-exit.o) (_global_impure_ptr)
c:/program files/stm32cubeide_1.12.1/stm32cubeide/plugins/com.st.stm32cube.ide.mcu.externaltools.gnu-tools-for-stm32.10.3-2021.10.win32_1.0.200.202301161003/tools/bin/../lib/gcc/arm-none-eabi/10.3.1/../../../../arm-none-eabi/lib/thumb/v7e-m+fp/hard\libc_nano.a(lib_a-init.o)
                              c:/program files/stm32cubeide_1.12.1/stm32cubeide/plugins/com.st.stm32cube.ide.mcu.externaltools.gnu-tools-for-stm32.10.3-2021.10.win32_1.0.200.202301161003/tools/bin/../lib/gcc/arm-none-eabi/10.3.1/../../../../arm-none-eabi/lib/thumb/v7e-m+fp/hard/crt0.o (__libc_init_array)
c:/program files/stm32cubeide_1.12.1/stm32cubeide/plugins/com.st.stm32cube.ide.mcu.externaltools.gnu-tools-for-stm32.10.3-2021.10.win32_1.0.200.202301161003/tools/bin/../lib/gcc/arm-none-eabi/10.3.1/../../../../arm-none-eabi/lib/thumb/v7e-m+fp/hard\libc_nano.a(lib_a-memset.o)
                              c:/program files/stm32cubeide_1.12.1/stm32cubeide/plugins/com.st.stm32cube.ide.mcu.externaltools.gnu-tools-for-stm32.10.3-2021.10.win32_1.0.200.202301161003/tools/bin/../lib/gcc/arm-none-eabi/10.3.1/../../../../arm-none-eabi/lib/thumb/v7e-m+fp/hard/crt0.o (memset)
c:/program files/stm32cubeide_1.12.1/stm32cubeide/plugins/com.st.stm32cube.ide.mcu.externaltools.gnu-tools-for-stm32.10.3-2021.10.win32_1.0.200.202301161003/tools/bin/../lib/gcc/arm-none-eabi/10.3.1/../../../../arm-none-eabi/lib/thumb/v7e-m+fp/hard\libc_nano.a(lib_a-sprintf.o)
                              ./Core/Src/main.o (sprintf)
c:/program files/stm32cubeide_1.12.1/stm32cubeide/plugins/com.st.stm32cube.ide.mcu.externaltools.gnu-tools-for-stm32.10.3-2021.10.win32_1.0.200.202301161003/tools/bin/../lib/gcc/arm-none-eabi/10.3.1/../../../../arm-none-eabi/lib/thumb/v7e-m+fp/hard\libc_nano.a(lib_a-strlen.o)
                              ./Core/Src/main.o (strlen)
c:/program files/stm32cubeide_1.12.1/stm32cubeide/plugins/com.st.stm32cube.ide.mcu.externaltools.gnu-tools-for-stm32.10.3-2021.10.win32_1.0.200.202301161003/tools/bin/../lib/gcc/arm-none-eabi/10.3.1/../../../../arm-none-eabi/lib/thumb/v7e-m+fp/hard\libc_nano.a(lib_a-nano-svfprintf.o)
                              c:/program files/stm32cubeide_1.12.1/stm32cubeide/plugins/com.st.stm32cube.ide.mcu.externaltools.gnu-tools-for-stm32.10.3-2021.10.win32_1.0.200.202301161003/tools/bin/../lib/gcc/arm-none-eabi/10.3.1/../../../../arm-none-eabi/lib/thumb/v7e-m+fp/hard\libc_nano.a(lib_a-sprintf.o) (_svfprintf_r)
c:/program files/stm32cubeide_1.12.1/stm32cubeide/plugins/com.st.stm32cube.ide.mcu.externaltools.gnu-tools-for-stm32.10.3-2021.10.win32_1.0.200.202301161003/tools/bin/../lib/gcc/arm-none-eabi/10.3.1/../../../../arm-none-eabi/lib/thumb/v7e-m+fp/hard\libc_nano.a(lib_a-nano-vfprintf_i.o)
                              c:/program files/stm32cubeide_1.12.1/stm32cubeide/plugins/com.st.stm32cube.ide.mcu.externaltools.gnu-tools-for-stm32.10.3-2021.10.win32_1.0.200.202301161003/tools/bin/../lib/gcc/arm-none-eabi/10.3.1/../../../../arm-none-eabi/lib/thumb/v7e-m+fp/hard\libc_nano.a(lib_a-nano-svfprintf.o) (_printf_i)
c:/program files/stm32cubeide_1.12.1/stm32cubeide/plugins/com.st.stm32cube.ide.mcu.externaltools.gnu-tools-for-stm32.10.3-2021.10.win32_1.0.200.202301161003/tools/bin/../lib/gcc/arm-none-eabi/10.3.1/../../../../arm-none-eabi/lib/thumb/v7e-m+fp/hard\libc_nano.a(lib_a-memchr.o)
[...]
Memory Configuration

Name             Origin             Length             Attributes
RAM              0x0000000020000000 0x0000000000010000 xrw
RAM2             0x0000000010000000 0x0000000000004000 xrw
FLASH            0x0000000008000000 0x0000000000040000 xr
*default*        0x0000000000000000 0xffffffffffffffff

Linker script and memory map

LOAD c:/program files/stm32cubeide_1.12.1/stm32cubeide/plugins/com.st.stm32cube.ide.mcu.externaltools.gnu-tools-for-stm32.10.3-2021.10.win32_1.0.200.202301161003/tools/bin/../lib/gcc/arm-none-eabi/10.3.1/thumb/v7e-m+fp/hard/crti.o
LOAD c:/program files/stm32cubeide_1.12.1/stm32cubeide/plugins/com.st.stm32cube.ide.mcu.externaltools.gnu-tools-for-stm32.10.3-2021.10.win32_1.0.200.202301161003/tools/bin/../lib/gcc/arm-none-eabi/10.3.1/thumb/v7e-m+fp/hard/crtbegin.o
LOAD c:/program files/stm32cubeide_1.12.1/stm32cubeide/plugins/com.st.stm32cube.ide.mcu.externaltools.gnu-tools-for-stm32.10.3-2021.10.win32_1.0.200.202301161003/tools/bin/../lib/gcc/arm-none-eabi/10.3.1/../../../../arm-none-eabi/lib/thumb/v7e-m+fp/hard/crt0.o
LOAD ./Core/Src/main.o
LOAD ./Core/Src/stm32l4xx_hal_msp.o
LOAD ./Core/Src/stm32l4xx_it.o
LOAD ./Core/Src/syscalls.o
LOAD ./Core/Src/sysmem.o
LOAD ./Core/Src/system_stm32l4xx.o
LOAD ./Core/Startup/startup_stm32l432kcux.o
LOAD ./Drivers/STM32L4xx_HAL_Driver/Src/stm32l4xx_hal.o
LOAD ./Drivers/STM32L4xx_HAL_Driver/Src/stm32l4xx_hal_cortex.o
LOAD ./Drivers/STM32L4xx_HAL_Driver/Src/stm32l4xx_hal_dma.o
LOAD ./Drivers/STM32L4xx_HAL_Driver/Src/stm32l4xx_hal_dma_ex.o
LOAD ./Drivers/STM32L4xx_HAL_Driver/Src/stm32l4xx_hal_exti.o
LOAD ./Drivers/STM32L4xx_HAL_Driver/Src/stm32l4xx_hal_flash.o
LOAD ./Drivers/STM32L4xx_HAL_Driver/Src/stm32l4xx_hal_flash_ex.o
LOAD ./Drivers/STM32L4xx_HAL_Driver/Src/stm32l4xx_hal_flash_ramfunc.o
LOAD ./Drivers/STM32L4xx_HAL_Driver/Src/stm32l4xx_hal_gpio.o
LOAD ./Drivers/STM32L4xx_HAL_Driver/Src/stm32l4xx_hal_i2c.o
LOAD ./Drivers/STM32L4xx_HAL_Driver/Src/stm32l4xx_hal_i2c_ex.o
LOAD ./Drivers/STM32L4xx_HAL_Driver/Src/stm32l4xx_hal_pwr.o
LOAD ./Drivers/STM32L4xx_HAL_Driver/Src/stm32l4xx_hal_pwr_ex.o
LOAD ./Drivers/STM32L4xx_HAL_Driver/Src/stm32l4xx_hal_rcc.o
LOAD ./Drivers/STM32L4xx_HAL_Driver/Src/stm32l4xx_hal_rcc_ex.o
LOAD ./Drivers/STM32L4xx_HAL_Driver/Src/stm32l4xx_hal_tim.o
LOAD ./Drivers/STM32L4xx_HAL_Driver/Src/stm32l4xx_hal_tim_ex.o
LOAD ./Drivers/STM32L4xx_HAL_Driver/Src/stm32l4xx_hal_uart.o
LOAD ./Drivers/STM32L4xx_HAL_Driver/Src/stm32l4xx_hal_uart_ex.o
START GROUP
LOAD c:/program files/stm32cubeide_1.12.1/stm32cubeide/plugins/com.st.stm32cube.ide.mcu.externaltools.gnu-tools-for-stm32.10.3-2021.10.win32_1.0.200.202301161003/tools/bin/../lib/gcc/arm-none-eabi/10.3.1/../../../../arm-none-eabi/lib/thumb/v7e-m+fp/hard\libc_nano.a
LOAD c:/program files/stm32cubeide_1.12.1/stm32cubeide/plugins/com.st.stm32cube.ide.mcu.externaltools.gnu-tools-for-stm32.10.3-2021.10.win32_1.0.200.202301161003/tools/bin/../lib/gcc/arm-none-eabi/10.3.1/../../../../arm-none-eabi/lib/thumb/v7e-m+fp/hard\libm.a
END GROUP
START GROUP
LOAD c:/program files/stm32cubeide_1.12.1/stm32cubeide/plugins/com.st.stm32cube.ide.mcu.externaltools.gnu-tools-for-stm32.10.3-2021.10.win32_1.0.200.202301161003/tools/bin/../lib/gcc/arm-none-eabi/10.3.1/thumb/v7e-m+fp/hard\libgcc.a
LOAD c:/program files/stm32cubeide_1.12.1/stm32cubeide/plugins/com.st.stm32cube.ide.mcu.externaltools.gnu-tools-for-stm32.10.3-2021.10.win32_1.0.200.202301161003/tools/bin/../lib/gcc/arm-none-eabi/10.3.1/../../../../arm-none-eabi/lib/thumb/v7e-m+fp/hard\libc_nano.a
END GROUP
START GROUP
LOAD c:/program files/stm32cubeide_1.12.1/stm32cubeide/plugins/com.st.stm32cube.ide.mcu.externaltools.gnu-tools-for-stm32.10.3-2021.10.win32_1.0.200.202301161003/tools/bin/../lib/gcc/arm-none-eabi/10.3.1/thumb/v7e-m+fp/hard\libgcc.a
LOAD c:/program files/stm32cubeide_1.12.1/stm32cubeide/plugins/com.st.stm32cube.ide.mcu.externaltools.gnu-tools-for-stm32.10.3-2021.10.win32_1.0.200.202301161003/tools/bin/../lib/gcc/arm-none-eabi/10.3.1/../../../../arm-none-eabi/lib/thumb/v7e-m+fp/hard\libc_nano.a
LOAD c:/program files/stm32cubeide_1.12.1/stm32cubeide/plugins/com.st.stm32cube.ide.mcu.externaltools.gnu-tools-for-stm32.10.3-2021.10.win32_1.0.200.202301161003/tools/bin/../lib/gcc/arm-none-eabi/10.3.1/../../../../arm-none-eabi/lib/thumb/v7e-m+fp/hard\libnosys.a
END GROUP
START GROUP
LOAD c:/program files/stm32cubeide_1.12.1/stm32cubeide/plugins/com.st.stm32cube.ide.mcu.externaltools.gnu-tools-for-stm32.10.3-2021.10.win32_1.0.200.202301161003/tools/bin/../lib/gcc/arm-none-eabi/10.3.1/thumb/v7e-m+fp/hard\libgcc.a
LOAD c:/program files/stm32cubeide_1.12.1/stm32cubeide/plugins/com.st.stm32cube.ide.mcu.externaltools.gnu-tools-for-stm32.10.3-2021.10.win32_1.0.200.202301161003/tools/bin/../lib/gcc/arm-none-eabi/10.3.1/../../../../arm-none-eabi/lib/thumb/v7e-m+fp/hard\libc_nano.a
LOAD c:/program files/stm32cubeide_1.12.1/stm32cubeide/plugins/com.st.stm32cube.ide.mcu.externaltools.gnu-tools-for-stm32.10.3-2021.10.win32_1.0.200.202301161003/tools/bin/../lib/gcc/arm-none-eabi/10.3.1/../../../../arm-none-eabi/lib/thumb/v7e-m+fp/hard\libnosys.a
END GROUP
LOAD c:/program files/stm32cubeide_1.12.1/stm32cubeide/plugins/com.st.stm32cube.ide.mcu.externaltools.gnu-tools-for-stm32.10.3-2021.10.win32_1.0.200.202301161003/tools/bin/../lib/gcc/arm-none-eabi/10.3.1/thumb/v7e-m+fp/hard/crtend.o
LOAD c:/program files/stm32cubeide_1.12.1/stm32cubeide/plugins/com.st.stm32cube.ide.mcu.externaltools.gnu-tools-for-stm32.10.3-2021.10.win32_1.0.200.202301161003/tools/bin/../lib/gcc/arm-none-eabi/10.3.1/thumb/v7e-m+fp/hard/crtn.o
                0x0000000020010000                _estack = (ORIGIN (RAM) + LENGTH (RAM))
                0x0000000000000200                _Min_Heap_Size = 0x200
                0x0000000000000400                _Min_Stack_Size = 0x400

.isr_vector     0x0000000008000000      0x18c
                0x0000000008000000                . = ALIGN (0x4)
 *(.isr_vector)
 .isr_vector    0x0000000008000000      0x18c ./Core/Startup/startup_stm32l432kcux.o
                0x0000000008000000                g_pfnVectors
                0x000000000800018c                . = ALIGN (0x4)

.text           0x0000000008000190     0x4260
                0x0000000008000190                . = ALIGN (0x4)
 *(.text)
 .text          0x0000000008000190       0x40 c:/program files/stm32cubeide_1.12.1/stm32cubeide/plugins/com.st.stm32cube.ide.mcu.externaltools.gnu-tools-for-stm32.10.3-2021.10.win32_1.0.200.202301161003/tools/bin/../lib/gcc/arm-none-eabi/10.3.1/thumb/v7e-m+fp/hard/crtbegin.o
 .text          0x00000000080001d0       0x10 c:/program files/stm32cubeide_1.12.1/stm32cubeide/plugins/com.st.stm32cube.ide.mcu.externaltools.gnu-tools-for-stm32.10.3-2021.10.win32_1.0.200.202301161003/tools/bin/../lib/gcc/arm-none-eabi/10.3.1/../../../../arm-none-eabi/lib/thumb/v7e-m+fp/hard\libc_nano.a(lib_a-strlen.o)
                0x00000000080001d0                strlen
 .text          0x00000000080001e0       0xa0 c:/program files/stm32cubeide_1.12.1/stm32cubeide/plugins/com.st.stm32cube.ide.mcu.externaltools.gnu-tools-for-stm32.10.3-2021.10.win32_1.0.200.202301161003/tools/bin/../lib/gcc/arm-none-eabi/10.3.1/../../../../arm-none-eabi/lib/thumb/v7e-m+fp/hard\libc_nano.a(lib_a-memchr.o)
                0x00000000080001e0                memchr
 .text          0x0000000008000280       0x30 c:/program files/stm32cubeide_1.12.1/stm32cubeide/plugins/com.st.stm32cube.ide.mcu.externaltools.gnu-tools-for-stm32.10.3-2021.10.win32_1.0.200.202301161003/tools/bin/../lib/gcc/arm-none-eabi/10.3.1/thumb/v7e-m+fp/hard\libgcc.a(_aeabi_uldivmod.o)
                0x0000000008000280                __aeabi_uldivmod
 .text          0x00000000080002b0      0x2d0 c:/program files/stm32cubeide_1.12.1/stm32cubeide/plugins/com.st.stm32cube.ide.mcu.externaltools.gnu-tools-for-stm32.10.3-2021.10.win32_1.0.200.202301161003/tools/bin/../lib/gcc/arm-none-eabi/10.3.1/thumb/v7e-m+fp/hard\libgcc.a(_udivmoddi4.o)
                0x00000000080002b0                __udivmoddi4
 .text          0x0000000008000580        0x4 c:/program files/stm32cubeide_1.12.1/stm32cubeide/plugins/com.st.stm32cube.ide.mcu.externaltools.gnu-tools-for-stm32.10.3-2021.10.win32_1.0.200.202301161003/tools/bin/../lib/gcc/arm-none-eabi/10.3.1/thumb/v7e-m+fp/hard\libgcc.a(_dvmd_tls.o)
                0x0000000008000580                __aeabi_idiv0
                0x0000000008000580                __aeabi_ldiv0
 *(.text*)
 .text.main     0x0000000008000584      0x178 ./Core/Src/main.o
                0x0000000008000584                main
 .text.SystemClock_Config
                0x00000000080006fc       0xc4 ./Core/Src/main.o
                0x00000000080006fc                SystemClock_Config
 .text.MX_I2C1_Init
                0x00000000080007c0       0x80 ./Core/Src/main.o
 .text.MX_USART2_UART_Init
                0x0000000008000840       0x60 ./Core/Src/main.o
 .text.MX_GPIO_Init
                0x00000000080008a0       0xac ./Core/Src/main.o
 .text.Error_Handler
                0x000000000800094c        0xa ./Core/Src/main.o
                0x000000000800094c                Error_Handler
 *fill*         0x0000000008000956        0x2 
 .text.HAL_MspInit
                0x0000000008000958       0x48 ./Core/Src/stm32l4xx_hal_msp.o
                0x0000000008000958                HAL_MspInit
 .text.HAL_I2C_MspInit
                0x00000000080009a0       0xb0 ./Core/Src/stm32l4xx_hal_msp.o
                0x00000000080009a0                HAL_I2C_MspInit
 .text.HAL_UART_MspInit
                0x0000000008000a50       0xd4 ./Core/Src/stm32l4xx_hal_msp.o
                0x0000000008000a50                HAL_UART_MspInit
 .text.NMI_Handler
                0x0000000008000b24        0x6 ./Core/Src/stm32l4xx_it.o
                0x0000000008000b24                NMI_Handler
 .text.HardFault_Handler
                0x0000000008000b2a        0x6 ./Core/Src/stm32l4xx_it.o
                0x0000000008000b2a                HardFault_Handler
 .text.MemManage_Handler
                0x0000000008000b30        0x6 ./Core/Src/stm32l4xx_it.o
                0x0000000008000b30                MemManage_Handler
 .text.BusFault_Handler
                0x0000000008000b36        0x6 ./Core/Src/stm32l4xx_it.o
                0x0000000008000b36                BusFault_Handler
 .text.UsageFault_Handler
                0x0000000008000b3c        0x6 ./Core/Src/stm32l4xx_it.o
                0x0000000008000b3c                UsageFault_Handler
 .text.SVC_Handler
                0x0000000008000b42        0xe ./Core/Src/stm32l4xx_it.o
                0x0000000008000b42                SVC_Handler
 .text.DebugMon_Handler
                0x0000000008000b50        0xe ./Core/Src/stm32l4xx_it.o
                0x0000000008000b50                DebugMon_Handler
 .text.PendSV_Handler
                0x0000000008000b5e        0xe ./Core/Src/stm32l4xx_it.o
                0x0000000008000b5e                PendSV_Handler
 .text.SysTick_Handler
                0x0000000008000b6c        0xc ./Core/Src/stm32l4xx_it.o
                0x0000000008000b6c                SysTick_Handler
 .text._sbrk    0x0000000008000b78       0x6c ./Core/Src/sysmem.o
                0x0000000008000b78                _sbrk
 .text.SystemInit
                0x0000000008000be4       0x24 ./Core/Src/system_stm32l4xx.o
                0x0000000008000be4                SystemInit
 .text.Reset_Handler
                0x0000000008000c08       0x50 ./Core/Startup/startup_stm32l432kcux.o
                0x0000000008000c08                Reset_Handler
 .text.Default_Handler
                0x0000000008000c58        0x2 ./Core/Startup/startup_stm32l432kcux.o
                0x0000000008000c58                RTC_Alarm_IRQHandler
                0x0000000008000c58                EXTI2_IRQHandler
                0x0000000008000c58                TIM1_CC_IRQHandler
                0x0000000008000c58                TSC_IRQHandler
                0x0000000008000c58                TAMP_STAMP_IRQHandler
                0x0000000008000c58                EXTI3_IRQHandler
                0x0000000008000c58                LPTIM2_IRQHandler
                0x0000000008000c58                I2C3_ER_IRQHandler
                0x0000000008000c58                EXTI0_IRQHandler
                0x0000000008000c58                CAN1_RX0_IRQHandler
                0x0000000008000c58                FPU_IRQHandler
                0x0000000008000c58                TIM1_UP_TIM16_IRQHandler
                0x0000000008000c58                SPI1_IRQHandler
                0x0000000008000c58                TIM6_DAC_IRQHandler
                0x0000000008000c58                DMA2_Channel2_IRQHandler
                0x0000000008000c58                DMA1_Channel4_IRQHandler
                0x0000000008000c58                ADC1_IRQHandler
                0x0000000008000c58                DMA1_Channel7_IRQHandler
                0x0000000008000c58                CAN1_RX1_IRQHandler
                0x0000000008000c58                DMA2_Channel1_IRQHandler
                0x0000000008000c58                QUADSPI_IRQHandler
                0x0000000008000c58                I2C1_EV_IRQHandler
                0x0000000008000c58                DMA1_Channel6_IRQHandler
                0x0000000008000c58                DMA2_Channel4_IRQHandler
                0x0000000008000c58                RCC_IRQHandler
                0x0000000008000c58                TIM1_TRG_COM_IRQHandler
                0x0000000008000c58                DMA1_Channel1_IRQHandler
                0x0000000008000c58                Default_Handler
                0x0000000008000c58                DMA2_Channel7_IRQHandler
                0x0000000008000c58                EXTI15_10_IRQHandler
                0x0000000008000c58                TIM7_IRQHandler
                0x0000000008000c58                I2C3_EV_IRQHandler
                0x0000000008000c58                USB_IRQHandler
                0x0000000008000c58                EXTI9_5_IRQHandler
                0x0000000008000c58                RTC_WKUP_IRQHandler
                0x0000000008000c58                PVD_PVM_IRQHandler
                0x0000000008000c58                CAN1_TX_IRQHandler
                0x0000000008000c58                DMA2_Channel5_IRQHandler
                0x0000000008000c58                CRS_IRQHandler
                0x0000000008000c58                DMA1_Channel5_IRQHandler
                0x0000000008000c58                EXTI4_IRQHandler
                0x0000000008000c58                RNG_IRQHandler
                0x0000000008000c58                DMA1_Channel3_IRQHandler
                0x0000000008000c58                COMP_IRQHandler
                0x0000000008000c58                WWDG_IRQHandler
                0x0000000008000c58                LPUART1_IRQHandler
                0x0000000008000c58                DMA2_Channel6_IRQHandler
                0x0000000008000c58                TIM2_IRQHandler
                0x0000000008000c58                EXTI1_IRQHandler
                0x0000000008000c58                USART2_IRQHandler
                0x0000000008000c58                DMA1_Channel2_IRQHandler
                0x0000000008000c58                CAN1_SCE_IRQHandler
                0x0000000008000c58                FLASH_IRQHandler
                0x0000000008000c58                USART1_IRQHandler
                0x0000000008000c58                SPI3_IRQHandler
                0x0000000008000c58                I2C1_ER_IRQHandler
                0x0000000008000c58                SWPMI1_IRQHandler
                0x0000000008000c58                LPTIM1_IRQHandler
                0x0000000008000c58                SAI1_IRQHandler
                0x0000000008000c58                DMA2_Channel3_IRQHandler
                0x0000000008000c58                TIM1_BRK_TIM15_IRQHandler
 .text.HAL_Init
                0x0000000008000c5a       0x30 ./Drivers/STM32L4xx_HAL_Driver/Src/stm32l4xx_hal.o
                0x0000000008000c5a                HAL_Init
 *fill*         0x0000000008000c8a        0x2 
 .text.HAL_InitTick
                0x0000000008000c8c       0x78 ./Drivers/STM32L4xx_HAL_Driver/Src/stm32l4xx_hal.o
                0x0000000008000c8c                HAL_InitTick
 .text.HAL_IncTick
                0x0000000008000d04       0x28 ./Drivers/STM32L4xx_HAL_Driver/Src/stm32l4xx_hal.o
                0x0000000008000d04                HAL_IncTick
 .text.HAL_GetTick
                0x0000000008000d2c       0x18 ./Drivers/STM32L4xx_HAL_Driver/Src/stm32l4xx_hal.o
                0x0000000008000d2c                HAL_GetTick
 .text.HAL_Delay
                0x0000000008000d44       0x48 ./Drivers/STM32L4xx_HAL_Driver/Src/stm32l4xx_hal.o
                0x0000000008000d44                HAL_Delay
 .text.__NVIC_SetPriorityGrouping
                0x0000000008000d8c       0x48 ./Drivers/STM32L4xx_HAL_Driver/Src/stm32l4xx_hal_cortex.o
 .text.__NVIC_GetPriorityGrouping
                0x0000000008000dd4       0x1c ./Drivers/STM32L4xx_HAL_Driver/Src/stm32l4xx_hal_cortex.o
 .text.__NVIC_SetPriority
                0x0000000008000df0       0x54 ./Drivers/STM32L4xx_HAL_Driver/Src/stm32l4xx_hal_cortex.o
 .text.NVIC_EncodePriority
                0x0000000008000e44       0x66 ./Drivers/STM32L4xx_HAL_Driver/Src/stm32l4xx_hal_cortex.o
 *fill*         0x0000000008000eaa        0x2 
 .text.SysTick_Config
                0x0000000008000eac       0x44 ./Drivers/STM32L4xx_HAL_Driver/Src/stm32l4xx_hal_cortex.o
 .text.HAL_NVIC_SetPriorityGrouping
                0x0000000008000ef0       0x16 ./Drivers/STM32L4xx_HAL_Driver/Src/stm32l4xx_hal_cortex.o
                0x0000000008000ef0                HAL_NVIC_SetPriorityGrouping
 .text.HAL_NVIC_SetPriority
                0x0000000008000f06       0x38 ./Drivers/STM32L4xx_HAL_Driver/Src/stm32l4xx_hal_cortex.o
                0x0000000008000f06                HAL_NVIC_SetPriority
 .text.HAL_SYSTICK_Config
                0x0000000008000f3e       0x18 ./Drivers/STM32L4xx_HAL_Driver/Src/stm32l4xx_hal_cortex.o
                0x0000000008000f3e                HAL_SYSTICK_Config
 *fill*         0x0000000008000f56        0x2 
 .text.HAL_GPIO_Init
                0x0000000008000f58      0x2d4 ./Drivers/STM32L4xx_HAL_Driver/Src/stm32l4xx_hal_gpio.o
                0x0000000008000f58                HAL_GPIO_Init
 .text.HAL_GPIO_ReadPin
                0x000000000800122c       0x30 ./Drivers/STM32L4xx_HAL_Driver/Src/stm32l4xx_hal_gpio.o
                0x000000000800122c                HAL_GPIO_ReadPin
 .text.HAL_GPIO_WritePin
                0x000000000800125c       0x30 ./Drivers/STM32L4xx_HAL_Driver/Src/stm32l4xx_hal_gpio.o
                0x000000000800125c                HAL_GPIO_WritePin
 .text.HAL_GPIO_TogglePin
                0x000000000800128c       0x34 ./Drivers/STM32L4xx_HAL_Driver/Src/stm32l4xx_hal_gpio.o
                0x000000000800128c                HAL_GPIO_TogglePin
 .text.HAL_I2C_Init
                0x00000000080012c0      0x11e ./Drivers/STM32L4xx_HAL_Driver/Src/stm32l4xx_hal_i2c.o
                0x00000000080012c0                HAL_I2C_Init
 *fill*         0x00000000080013de        0x2 
 .text.HAL_I2C_Master_Transmit
                0x00000000080013e0      0x1e8 ./Drivers/STM32L4xx_HAL_Driver/Src/stm32l4xx_hal_i2c.o
                0x00000000080013e0                HAL_I2C_Master_Transmit
 .text.HAL_I2C_Master_Receive
                0x00000000080015c8      0x1ec ./Drivers/STM32L4xx_HAL_Driver/Src/stm32l4xx_hal_i2c.o
                0x00000000080015c8                HAL_I2C_Master_Receive
 .text.I2C_Flush_TXDR
                0x00000000080017b4       0x48 ./Drivers/STM32L4xx_HAL_Driver/Src/stm32l4xx_hal_i2c.o
 .text.I2C_WaitOnFlagUntilTimeout
                0x00000000080017fc       0x80 ./Drivers/STM32L4xx_HAL_Driver/Src/stm32l4xx_hal_i2c.o
 .text.I2C_WaitOnTXISFlagUntilTimeout
                0x000000000800187c       0x80 ./Drivers/STM32L4xx_HAL_Driver/Src/stm32l4xx_hal_i2c.o
 .text.I2C_WaitOnSTOPFlagUntilTimeout
                0x00000000080018fc       0x78 ./Drivers/STM32L4xx_HAL_Driver/Src/stm32l4xx_hal_i2c.o
 .text.I2C_WaitOnRXNEFlagUntilTimeout
                0x0000000008001974       0xf4 ./Drivers/STM32L4xx_HAL_Driver/Src/stm32l4xx_hal_i2c.o
 .text.I2C_IsErrorOccurred
                0x0000000008001a68      0x1d8 ./Drivers/STM32L4xx_HAL_Driver/Src/stm32l4xx_hal_i2c.o
 .text.I2C_TransferConfig
                0x0000000008001c40       0x64 ./Drivers/STM32L4xx_HAL_Driver/Src/stm32l4xx_hal_i2c.o
 .text.HAL_I2CEx_ConfigAnalogFilter
                0x0000000008001ca4       0x96 ./Drivers/STM32L4xx_HAL_Driver/Src/stm32l4xx_hal_i2c_ex.o
                0x0000000008001ca4                HAL_I2CEx_ConfigAnalogFilter
 .text.HAL_I2CEx_ConfigDigitalFilter
                0x0000000008001d3a       0x98 ./Drivers/STM32L4xx_HAL_Driver/Src/stm32l4xx_hal_i2c_ex.o
                0x0000000008001d3a                HAL_I2CEx_ConfigDigitalFilter
 *fill*         0x0000000008001dd2        0x2 
 .text.HAL_PWR_EnableBkUpAccess
                0x0000000008001dd4       0x20 ./Drivers/STM32L4xx_HAL_Driver/Src/stm32l4xx_hal_pwr.o
                0x0000000008001dd4                HAL_PWR_EnableBkUpAccess
 .text.HAL_PWREx_GetVoltageRange
                0x0000000008001df4       0x1c ./Drivers/STM32L4xx_HAL_Driver/Src/stm32l4xx_hal_pwr_ex.o
                0x0000000008001df4                HAL_PWREx_GetVoltageRange
 .text.HAL_PWREx_ControlVoltageScaling
                0x0000000008001e10       0xac ./Drivers/STM32L4xx_HAL_Driver/Src/stm32l4xx_hal_pwr_ex.o
                0x0000000008001e10                HAL_PWREx_ControlVoltageScaling
 .text.HAL_RCC_OscConfig
                0x0000000008001ebc      0x828 ./Drivers/STM32L4xx_HAL_Driver/Src/stm32l4xx_hal_rcc.o
                0x0000000008001ebc                HAL_RCC_OscConfig
 .text.HAL_RCC_ClockConfig
                0x00000000080026e4      0x200 ./Drivers/STM32L4xx_HAL_Driver/Src/stm32l4xx_hal_rcc.o
                0x00000000080026e4                HAL_RCC_ClockConfig
 .text.HAL_RCC_GetSysClockFreq
                0x00000000080028e4      0x118 ./Drivers/STM32L4xx_HAL_Driver/Src/stm32l4xx_hal_rcc.o
                0x00000000080028e4                HAL_RCC_GetSysClockFreq
 .text.HAL_RCC_GetHCLKFreq
                0x00000000080029fc       0x18 ./Drivers/STM32L4xx_HAL_Driver/Src/stm32l4xx_hal_rcc.o
                0x00000000080029fc                HAL_RCC_GetHCLKFreq
 .text.HAL_RCC_GetPCLK1Freq
                0x0000000008002a14       0x2c ./Drivers/STM32L4xx_HAL_Driver/Src/stm32l4xx_hal_rcc.o
                0x0000000008002a14                HAL_RCC_GetPCLK1Freq
 .text.HAL_RCC_GetPCLK2Freq
                0x0000000008002a40       0x2c ./Drivers/STM32L4xx_HAL_Driver/Src/stm32l4xx_hal_rcc.o
                0x0000000008002a40                HAL_RCC_GetPCLK2Freq
 .text.RCC_SetFlashLatencyFromMSIRange
                0x0000000008002a6c       0xc0 ./Drivers/STM32L4xx_HAL_Driver/Src/stm32l4xx_hal_rcc.o
 .text.HAL_RCCEx_PeriphCLKConfig
                0x0000000008002b2c      0x3ec ./Drivers/STM32L4xx_HAL_Driver/Src/stm32l4xx_hal_rcc_ex.o
                0x0000000008002b2c                HAL_RCCEx_PeriphCLKConfig
 .text.HAL_RCCEx_EnableMSIPLLMode
                0x0000000008002f18       0x20 ./Drivers/STM32L4xx_HAL_Driver/Src/stm32l4xx_hal_rcc_ex.o
                0x0000000008002f18                HAL_RCCEx_EnableMSIPLLMode
 .text.RCCEx_PLLSAI1_Config
                0x0000000008002f38      0x1e4 ./Drivers/STM32L4xx_HAL_Driver/Src/stm32l4xx_hal_rcc_ex.o
 .text.HAL_UART_Init
                0x000000000800311c       0x9c ./Drivers/STM32L4xx_HAL_Driver/Src/stm32l4xx_hal_uart.o
                0x000000000800311c                HAL_UART_Init
 .text.HAL_UART_Transmit
                0x00000000080031b8      0x128 ./Drivers/STM32L4xx_HAL_Driver/Src/stm32l4xx_hal_uart.o
                0x00000000080031b8                HAL_UART_Transmit
 .text.UART_SetConfig
                0x00000000080032e0      0x458 ./Drivers/STM32L4xx_HAL_Driver/Src/stm32l4xx_hal_uart.o
                0x00000000080032e0                UART_SetConfig
 .text.UART_AdvFeatureConfig
                0x0000000008003738      0x144 ./Drivers/STM32L4xx_HAL_Driver/Src/stm32l4xx_hal_uart.o
                0x0000000008003738                UART_AdvFeatureConfig
 .text.UART_CheckIdleState
                0x000000000800387c       0x92 ./Drivers/STM32L4xx_HAL_Driver/Src/stm32l4xx_hal_uart.o
                0x000000000800387c                UART_CheckIdleState
 .text.UART_WaitOnFlagUntilTimeout
                0x000000000800390e      0x188 ./Drivers/STM32L4xx_HAL_Driver/Src/stm32l4xx_hal_uart.o
                0x000000000800390e                UART_WaitOnFlagUntilTimeout
 *fill*         0x0000000008003a96        0x2 
 .text.__errno  0x0000000008003a98        0xc c:/program files/stm32cubeide_1.12.1/stm32cubeide/plugins/com.st.stm32cube.ide.mcu.externaltools.gnu-tools-for-stm32.10.3-2021.10.win32_1.0.200.202301161003/tools/bin/../lib/gcc/arm-none-eabi/10.3.1/../../../../arm-none-eabi/lib/thumb/v7e-m+fp/hard\libc_nano.a(lib_a-errno.o)
                0x0000000008003a98                __errno
 .text.__libc_init_array
                0x0000000008003aa4       0x48 c:/program files/stm32cubeide_1.12.1/stm32cubeide/plugins/com.st.stm32cube.ide.mcu.externaltools.gnu-tools-for-stm32.10.3-2021.10.win32_1.0.200.202301161003/tools/bin/../lib/gcc/arm-none-eabi/10.3.1/../../../../arm-none-eabi/lib/thumb/v7e-m+fp/hard\libc_nano.a(lib_a-init.o)
                0x0000000008003aa4                __libc_init_array
 .text.memset   0x0000000008003aec       0x10 c:/program files/stm32cubeide_1.12.1/stm32cubeide/plugins/com.st.stm32cube.ide.mcu.externaltools.gnu-tools-for-stm32.10.3-2021.10.win32_1.0.200.202301161003/tools/bin/../lib/gcc/arm-none-eabi/10.3.1/../../../../arm-none-eabi/lib/thumb/v7e-m+fp/hard\libc_nano.a(lib_a-memset.o)
                0x0000000008003aec                memset
 .text.sprintf  0x0000000008003afc       0x40 c:/program files/stm32cubeide_1.12.1/stm32cubeide/plugins/com.st.stm32cube.ide.mcu.externaltools.gnu-tools-for-stm32.10.3-2021.10.win32_1.0.200.202301161003/tools/bin/../lib/gcc/arm-none-eabi/10.3.1/../../../../arm-none-eabi/lib/thumb/v7e-m+fp/hard\libc_nano.a(lib_a-sprintf.o)
                0x0000000008003afc                siprintf
                0x0000000008003afc                sprintf
 .text.__ssputs_r
                0x0000000008003b3c       0xb6 c:/program files/stm32cubeide_1.12.1/stm32cubeide/plugins/com.st.stm32cube.ide.mcu.externaltools.gnu-tools-for-stm32.10.3-2021.10.win32_1.0.200.202301161003/tools/bin/../lib/gcc/arm-none-eabi/10.3.1/../../../../arm-none-eabi/lib/thumb/v7e-m+fp/hard\libc_nano.a(lib_a-nano-svfprintf.o)
                0x0000000008003b3c                __ssputs_r
 *fill*         0x0000000008003bf2        0x2 
 .text._svfprintf_r
                0x0000000008003bf4      0x200 c:/program files/stm32cubeide_1.12.1/stm32cubeide/plugins/com.st.stm32cube.ide.mcu.externaltools.gnu-tools-for-stm32.10.3-2021.10.win32_1.0.200.202301161003/tools/bin/../lib/gcc/arm-none-eabi/10.3.1/../../../../arm-none-eabi/lib/thumb/v7e-m+fp/hard\libc_nano.a(lib_a-nano-svfprintf.o)
                0x0000000008003bf4                _svfiprintf_r
                0x0000000008003bf4                _svfprintf_r
 .text._printf_common
                0x0000000008003df4       0xda c:/program files/stm32cubeide_1.12.1/stm32cubeide/plugins/com.st.stm32cube.ide.mcu.externaltools.gnu-tools-for-stm32.10.3-2021.10.win32_1.0.200.202301161003/tools/bin/../lib/gcc/arm-none-eabi/10.3.1/../../../../arm-none-eabi/lib/thumb/v7e-m+fp/hard\libc_nano.a(lib_a-nano-vfprintf_i.o)
                0x0000000008003df4                _printf_common
 *fill*         0x0000000008003ece        0x2 
 .text._printf_i
                0x0000000008003ed0      0x24c c:/program files/stm32cubeide_1.12.1/stm32cubeide/plugins/com.st.stm32cube.ide.mcu.externaltools.gnu-tools-for-stm32.10.3-2021.10.win32_1.0.200.202301161003/tools/bin/../lib/gcc/arm-none-eabi/10.3.1/../../../../arm-none-eabi/lib/thumb/v7e-m+fp/hard\libc_nano.a(lib_a-nano-vfprintf_i.o)
                0x0000000008003ed0                _printf_i
 .text.memcpy   0x000000000800411c       0x1c c:/program files/stm32cubeide_1.12.1/stm32cubeide/plugins/com.st.stm32cube.ide.mcu.externaltools.gnu-tools-for-stm32.10.3-2021.10.win32_1.0.200.202301161003/tools/bin/../lib/gcc/arm-none-eabi/10.3.1/../../../../arm-none-eabi/lib/thumb/v7e-m+fp/hard\libc_nano.a(lib_a-memcpy-stub.o)
                0x000000000800411c                memcpy
 .text.memmove  0x0000000008004138       0x34 c:/program files/stm32cubeide_1.12.1/stm32cubeide/plugins/com.st.stm32cube.ide.mcu.externaltools.gnu-tools-for-stm32.10.3-2021.10.win32_1.0.200.202301161003/tools/bin/../lib/gcc/arm-none-eabi/10.3.1/../../../../arm-none-eabi/lib/thumb/v7e-m+fp/hard\libc_nano.a(lib_a-memmove.o)
                0x0000000008004138                memmove
 .text._free_r  0x000000000800416c       0x98 c:/program files/stm32cubeide_1.12.1/stm32cubeide/plugins/com.st.stm32cube.ide.mcu.externaltools.gnu-tools-for-stm32.10.3-2021.10.win32_1.0.200.202301161003/tools/bin/../lib/gcc/arm-none-eabi/10.3.1/../../../../arm-none-eabi/lib/thumb/v7e-m+fp/hard\libc_nano.a(lib_a-nano-freer.o)
                0x000000000800416c                _free_r
 .text.sbrk_aligned
                0x0000000008004204       0x40 c:/program files/stm32cubeide_1.12.1/stm32cubeide/plugins/com.st.stm32cube.ide.mcu.externaltools.gnu-tools-for-stm32.10.3-2021.10.win32_1.0.200.202301161003/tools/bin/../lib/gcc/arm-none-eabi/10.3.1/../../../../arm-none-eabi/lib/thumb/v7e-m+fp/hard\libc_nano.a(lib_a-nano-mallocr.o)
 .text._malloc_r
                0x0000000008004244       0xe8 c:/program files/stm32cubeide_1.12.1/stm32cubeide/plugins/com.st.stm32cube.ide.mcu.externaltools.gnu-tools-for-stm32.10.3-2021.10.win32_1.0.200.202301161003/tools/bin/../lib/gcc/arm-none-eabi/10.3.1/../../../../arm-none-eabi/lib/thumb/v7e-m+fp/hard\libc_nano.a(lib_a-nano-mallocr.o)
                0x0000000008004244                _malloc_r
 .text._realloc_r
                0x000000000800432c       0x5e c:/program files/stm32cubeide_1.12.1/stm32cubeide/plugins/com.st.stm32cube.ide.mcu.externaltools.gnu-tools-for-stm32.10.3-2021.10.win32_1.0.200.202301161003/tools/bin/../lib/gcc/arm-none-eabi/10.3.1/../../../../arm-none-eabi/lib/thumb/v7e-m+fp/hard\libc_nano.a(lib_a-nano-reallocr.o)
                0x000000000800432c                _realloc_r
 *fill*         0x000000000800438a        0x2 
 .text._sbrk_r  0x000000000800438c       0x20 c:/program files/stm32cubeide_1.12.1/stm32cubeide/plugins/com.st.stm32cube.ide.mcu.externaltools.gnu-tools-for-stm32.10.3-2021.10.win32_1.0.200.202301161003/tools/bin/../lib/gcc/arm-none-eabi/10.3.1/../../../../arm-none-eabi/lib/thumb/v7e-m+fp/hard\libc_nano.a(lib_a-sbrkr.o)
                0x000000000800438c                _sbrk_r
 .text.__malloc_lock
                0x00000000080043ac        0xc c:/program files/stm32cubeide_1.12.1/stm32cubeide/plugins/com.st.stm32cube.ide.mcu.externaltools.gnu-tools-for-stm32.10.3-2021.10.win32_1.0.200.202301161003/tools/bin/../lib/gcc/arm-none-eabi/10.3.1/../../../../arm-none-eabi/lib/thumb/v7e-m+fp/hard\libc_nano.a(lib_a-mlock.o)
                0x00000000080043ac                __malloc_lock
 .text.__malloc_unlock
                0x00000000080043b8        0xc c:/program files/stm32cubeide_1.12.1/stm32cubeide/plugins/com.st.stm32cube.ide.mcu.externaltools.gnu-tools-for-stm32.10.3-2021.10.win32_1.0.200.202301161003/tools/bin/../lib/gcc/arm-none-eabi/10.3.1/../../../../arm-none-eabi/lib/thumb/v7e-m+fp/hard\libc_nano.a(lib_a-mlock.o)
                0x00000000080043b8                __malloc_unlock
 .text._malloc_usable_size_r
                0x00000000080043c4       0x10 c:/program files/stm32cubeide_1.12.1/stm32cubeide/plugins/com.st.stm32cube.ide.mcu.externaltools.gnu-tools-for-stm32.10.3-2021.10.win32_1.0.200.202301161003/tools/bin/../lib/gcc/arm-none-eabi/10.3.1/../../../../arm-none-eabi/lib/thumb/v7e-m+fp/hard\libc_nano.a(lib_a-nano-msizer.o)
                0x00000000080043c4                _malloc_usable_size_r
 .text.__retarget_lock_acquire_recursive
                0x00000000080043d4        0x2 c:/program files/stm32cubeide_1.12.1/stm32cubeide/plugins/com.st.stm32cube.ide.mcu.externaltools.gnu-tools-for-stm32.10.3-2021.10.win32_1.0.200.202301161003/tools/bin/../lib/gcc/arm-none-eabi/10.3.1/../../../../arm-none-eabi/lib/thumb/v7e-m+fp/hard\libc_nano.a(lib_a-lock.o)
                0x00000000080043d4                __retarget_lock_acquire_recursive
 .text.__retarget_lock_release_recursive
                0x00000000080043d6        0x2 c:/program files/stm32cubeide_1.12.1/stm32cubeide/plugins/com.st.stm32cube.ide.mcu.externaltools.gnu-tools-for-stm32.10.3-2021.10.win32_1.0.200.202301161003/tools/bin/../lib/gcc/arm-none-eabi/10.3.1/../../../../arm-none-eabi/lib/thumb/v7e-m+fp/hard\libc_nano.a(lib_a-lock.o)
                0x00000000080043d6                __retarget_lock_release_recursive
 *(.glue_7)
 .glue_7        0x00000000080043d8        0x0 linker stubs
 *(.glue_7t)
 .glue_7t       0x00000000080043d8        0x0 linker stubs
 *(.eh_frame)
 .eh_frame      0x00000000080043d8        0x0 c:/program files/stm32cubeide_1.12.1/stm32cubeide/plugins/com.st.stm32cube.ide.mcu.externaltools.gnu-tools-for-stm32.10.3-2021.10.win32_1.0.200.202301161003/tools/bin/../lib/gcc/arm-none-eabi/10.3.1/thumb/v7e-m+fp/hard/crtbegin.o
 *(.init)
 .init          0x00000000080043d8        0x4 c:/program files/stm32cubeide_1.12.1/stm32cubeide/plugins/com.st.stm32cube.ide.mcu.externaltools.gnu-tools-for-stm32.10.3-2021.10.win32_1.0.200.202301161003/tools/bin/../lib/gcc/arm-none-eabi/10.3.1/thumb/v7e-m+fp/hard/crti.o
                0x00000000080043d8                _init
 .init          0x00000000080043dc        0x8 c:/program files/stm32cubeide_1.12.1/stm32cubeide/plugins/com.st.stm32cube.ide.mcu.externaltools.gnu-tools-for-stm32.10.3-2021.10.win32_1.0.200.202301161003/tools/bin/../lib/gcc/arm-none-eabi/10.3.1/thumb/v7e-m+fp/hard/crtn.o
 *(.fini)
 .fini          0x00000000080043e4        0x4 c:/program files/stm32cubeide_1.12.1/stm32cubeide/plugins/com.st.stm32cube.ide.mcu.externaltools.gnu-tools-for-stm32.10.3-2021.10.win32_1.0.200.202301161003/tools/bin/../lib/gcc/arm-none-eabi/10.3.1/thumb/v7e-m+fp/hard/crti.o
                0x00000000080043e4                _fini
 .fini          0x00000000080043e8        0x8 c:/program files/stm32cubeide_1.12.1/stm32cubeide/plugins/com.st.stm32cube.ide.mcu.externaltools.gnu-tools-for-stm32.10.3-2021.10.win32_1.0.200.202301161003/tools/bin/../lib/gcc/arm-none-eabi/10.3.1/thumb/v7e-m+fp/hard/crtn.o
                0x00000000080043f0                . = ALIGN (0x4)
                0x00000000080043f0                _etext = .

.vfp11_veneer   0x00000000080043f0        0x0
 .vfp11_veneer  0x00000000080043f0        0x0 linker stubs

.v4_bx          0x00000000080043f0        0x0
 .v4_bx         0x00000000080043f0        0x0 linker stubs

.iplt           0x00000000080043f0        0x0
 .iplt          0x00000000080043f0        0x0 c:/program files/stm32cubeide_1.12.1/stm32cubeide/plugins/com.st.stm32cube.ide.mcu.externaltools.gnu-tools-for-stm32.10.3-2021.10.win32_1.0.200.202301161003/tools/bin/../lib/gcc/arm-none-eabi/10.3.1/thumb/v7e-m+fp/hard/crtbegin.o

.rodata         0x00000000080043f0       0x8c
                0x00000000080043f0                . = ALIGN (0x4)
 *(.rodata)
 .rodata        0x00000000080043f0        0xf ./Core/Src/main.o
 *(.rodata*)
 *fill*         0x00000000080043ff        0x1 
 .rodata.AHBPrescTable
                0x0000000008004400       0x10 ./Core/Src/system_stm32l4xx.o
                0x0000000008004400                AHBPrescTable
 .rodata.APBPrescTable
                0x0000000008004410        0x8 ./Core/Src/system_stm32l4xx.o
                0x0000000008004410                APBPrescTable
 .rodata.MSIRangeTable
                0x0000000008004418       0x30 ./Core/Src/system_stm32l4xx.o
                0x0000000008004418                MSIRangeTable
 .rodata._svfprintf_r.str1.1
                0x0000000008004448       0x11 c:/program files/stm32cubeide_1.12.1/stm32cubeide/plugins/com.st.stm32cube.ide.mcu.externaltools.gnu-tools-for-stm32.10.3-2021.10.win32_1.0.200.202301161003/tools/bin/../lib/gcc/arm-none-eabi/10.3.1/../../../../arm-none-eabi/lib/thumb/v7e-m+fp/hard\libc_nano.a(lib_a-nano-svfprintf.o)
 .rodata._printf_i.str1.1
                0x0000000008004459       0x22 c:/program files/stm32cubeide_1.12.1/stm32cubeide/plugins/com.st.stm32cube.ide.mcu.externaltools.gnu-tools-for-stm32.10.3-2021.10.win32_1.0.200.202301161003/tools/bin/../lib/gcc/arm-none-eabi/10.3.1/../../../../arm-none-eabi/lib/thumb/v7e-m+fp/hard\libc_nano.a(lib_a-nano-vfprintf_i.o)
                0x000000000800447c                . = ALIGN (0x4)
 *fill*         0x000000000800447b        0x1 

.ARM.extab      0x000000000800447c        0x0
                0x000000000800447c                . = ALIGN (0x4)
 *(.ARM.extab* .gnu.linkonce.armextab.*)
                0x000000000800447c                . = ALIGN (0x4)

.ARM            0x000000000800447c        0x8
                0x000000000800447c                . = ALIGN (0x4)
                0x000000000800447c                __exidx_start = .
 *(.ARM.exidx*)
 .ARM.exidx     0x000000000800447c        0x8 c:/program files/stm32cubeide_1.12.1/stm32cubeide/plugins/com.st.stm32cube.ide.mcu.externaltools.gnu-tools-for-stm32.10.3-2021.10.win32_1.0.200.202301161003/tools/bin/../lib/gcc/arm-none-eabi/10.3.1/thumb/v7e-m+fp/hard\libgcc.a(_udivmoddi4.o)
                0x0000000008004484                __exidx_end = .
                0x0000000008004484                . = ALIGN (0x4)

.rel.dyn        0x0000000008004484        0x0
 .rel.iplt      0x0000000008004484        0x0 c:/program files/stm32cubeide_1.12.1/stm32cubeide/plugins/com.st.stm32cube.ide.mcu.externaltools.gnu-tools-for-stm32.10.3-2021.10.win32_1.0.200.202301161003/tools/bin/../lib/gcc/arm-none-eabi/10.3.1/thumb/v7e-m+fp/hard/crtbegin.o

.preinit_array  0x0000000008004484        0x0
                0x0000000008004484                . = ALIGN (0x4)
                0x0000000008004484                PROVIDE (__preinit_array_start = .)
 *(.preinit_array*)
                0x0000000008004484                PROVIDE (__preinit_array_end = .)
                0x0000000008004484                . = ALIGN (0x4)

.init_array     0x0000000008004484        0x4
                0x0000000008004484                . = ALIGN (0x4)
                0x0000000008004484                PROVIDE (__init_array_start = .)
 *(SORT_BY_NAME(.init_array.*))
 *(.init_array*)
 .init_array    0x0000000008004484        0x4 c:/program files/stm32cubeide_1.12.1/stm32cubeide/plugins/com.st.stm32cube.ide.mcu.externaltools.gnu-tools-for-stm32.10.3-2021.10.win32_1.0.200.202301161003/tools/bin/../lib/gcc/arm-none-eabi/10.3.1/thumb/v7e-m+fp/hard/crtbegin.o
                0x0000000008004488                PROVIDE (__init_array_end = .)
                0x0000000008004488                . = ALIGN (0x4)

.fini_array     0x0000000008004488        0x4
                0x0000000008004488                . = ALIGN (0x4)
                [!provide]                        PROVIDE (__fini_array_start = .)
 *(SORT_BY_NAME(.fini_array.*))
 *(.fini_array*)
 .fini_array    0x0000000008004488        0x4 c:/program files/stm32cubeide_1.12.1/stm32cubeide/plugins/com.st.stm32cube.ide.mcu.externaltools.gnu-tools-for-stm32.10.3-2021.10.win32_1.0.200.202301161003/tools/bin/../lib/gcc/arm-none-eabi/10.3.1/thumb/v7e-m+fp/hard/crtbegin.o
                [!provide]                        PROVIDE (__fini_array_end = .)
                0x000000000800448c                . = ALIGN (0x4)
                0x000000000800448c                _sidata = LOADADDR (.data)

.data           0x0000000020000000       0x70 load address 0x000000000800448c
                0x0000000020000000                . = ALIGN (0x4)
                0x0000000020000000                _sdata = .
 *(.data)
 *(.data*)
 .data.SystemCoreClock
                0x0000000020000000        0x4 ./Core/Src/system_stm32l4xx.o
                0x0000000020000000                SystemCoreClock
 .data.uwTickPrio
                0x0000000020000004        0x4 ./Drivers/STM32L4xx_HAL_Driver/Src/stm32l4xx_hal.o
                0x0000000020000004                uwTickPrio
 .data.uwTickFreq
                0x0000000020000008        0x1 ./Drivers/STM32L4xx_HAL_Driver/Src/stm32l4xx_hal.o
                0x0000000020000008                uwTickFreq
 *fill*         0x0000000020000009        0x3 
 .data._impure_ptr
                0x000000002000000c        0x4 c:/program files/stm32cubeide_1.12.1/stm32cubeide/plugins/com.st.stm32cube.ide.mcu.externaltools.gnu-tools-for-stm32.10.3-2021.10.win32_1.0.200.202301161003/tools/bin/../lib/gcc/arm-none-eabi/10.3.1/../../../../arm-none-eabi/lib/thumb/v7e-m+fp/hard\libc_nano.a(lib_a-impure.o)
                0x000000002000000c                _impure_ptr
 .data.impure_data
                0x0000000020000010       0x60 c:/program files/stm32cubeide_1.12.1/stm32cubeide/plugins/com.st.stm32cube.ide.mcu.externaltools.gnu-tools-for-stm32.10.3-2021.10.win32_1.0.200.202301161003/tools/bin/../lib/gcc/arm-none-eabi/10.3.1/../../../../arm-none-eabi/lib/thumb/v7e-m+fp/hard\libc_nano.a(lib_a-impure.o)
 *(.RamFunc)
 *(.RamFunc*)
                0x0000000020000070                . = ALIGN (0x4)
                0x0000000020000070                _edata = .

.igot.plt       0x0000000020000070        0x0 load address 0x00000000080044fc
 .igot.plt      0x0000000020000070        0x0 c:/program files/stm32cubeide_1.12.1/stm32cubeide/plugins/com.st.stm32cube.ide.mcu.externaltools.gnu-tools-for-stm32.10.3-2021.10.win32_1.0.200.202301161003/tools/bin/../lib/gcc/arm-none-eabi/10.3.1/thumb/v7e-m+fp/hard/crtbegin.o
                0x0000000020000070                . = ALIGN (0x4)

.bss            0x0000000020000070      0x10c load address 0x00000000080044fc
                0x0000000020000070                _sbss = .
                0x0000000020000070                __bss_start__ = _sbss
 *(.bss)
 .bss           0x0000000020000070       0x1c c:/program files/stm32cubeide_1.12.1/stm32cubeide/plugins/com.st.stm32cube.ide.mcu.externaltools.gnu-tools-for-stm32.10.3-2021.10.win32_1.0.200.202301161003/tools/bin/../lib/gcc/arm-none-eabi/10.3.1/thumb/v7e-m+fp/hard/crtbegin.o
 *(.bss*)
 .bss.hi2c1     0x000000002000008c       0x54 ./Core/Src/main.o
                0x000000002000008c                hi2c1
 .bss.huart2    0x00000000200000e0       0x84 ./Core/Src/main.o
                0x00000000200000e0                huart2
 .bss.__sbrk_heap_end
                0x0000000020000164        0x4 ./Core/Src/sysmem.o
 .bss.uwTick    0x0000000020000168        0x4 ./Drivers/STM32L4xx_HAL_Driver/Src/stm32l4xx_hal.o
                0x0000000020000168                uwTick
 .bss.__malloc_free_list
                0x000000002000016c        0x4 c:/program files/stm32cubeide_1.12.1/stm32cubeide/plugins/com.st.stm32cube.ide.mcu.externaltools.gnu-tools-for-stm32.10.3-2021.10.win32_1.0.200.202301161003/tools/bin/../lib/gcc/arm-none-eabi/10.3.1/../../../../arm-none-eabi/lib/thumb/v7e-m+fp/hard\libc_nano.a(lib_a-nano-mallocr.o)
                0x000000002000016c                __malloc_free_list
 .bss.__malloc_sbrk_start
                0x0000000020000170        0x4 c:/program files/stm32cubeide_1.12.1/stm32cubeide/plugins/com.st.stm32cube.ide.mcu.externaltools.gnu-tools-for-stm32.10.3-2021.10.win32_1.0.200.202301161003/tools/bin/../lib/gcc/arm-none-eabi/10.3.1/../../../../arm-none-eabi/lib/thumb/v7e-m+fp/hard\libc_nano.a(lib_a-nano-mallocr.o)
                0x0000000020000170                __malloc_sbrk_start
 .bss.errno     0x0000000020000174        0x4 c:/program files/stm32cubeide_1.12.1/stm32cubeide/plugins/com.st.stm32cube.ide.mcu.externaltools.gnu-tools-for-stm32.10.3-2021.10.win32_1.0.200.202301161003/tools/bin/../lib/gcc/arm-none-eabi/10.3.1/../../../../arm-none-eabi/lib/thumb/v7e-m+fp/hard\libc_nano.a(lib_a-reent.o)
                0x0000000020000174                errno
 .bss.__lock___malloc_recursive_mutex
                0x0000000020000178        0x1 c:/program files/stm32cubeide_1.12.1/stm32cubeide/plugins/com.st.stm32cube.ide.mcu.externaltools.gnu-tools-for-stm32.10.3-2021.10.win32_1.0.200.202301161003/tools/bin/../lib/gcc/arm-none-eabi/10.3.1/../../../../arm-none-eabi/lib/thumb/v7e-m+fp/hard\libc_nano.a(lib_a-lock.o)
                0x0000000020000178                __lock___malloc_recursive_mutex
 *(COMMON)
                0x000000002000017c                . = ALIGN (0x4)
 *fill*         0x0000000020000179        0x3 
                0x000000002000017c                _ebss = .
                0x000000002000017c                __bss_end__ = _ebss

._user_heap_stack
                0x000000002000017c      0x604 load address 0x00000000080044fc
                0x0000000020000180                . = ALIGN (0x8)
 *fill*         0x000000002000017c        0x4 
                [!provide]                        PROVIDE (end = .)
                0x0000000020000180                PROVIDE (_end = .)
                0x0000000020000380                . = (. + _Min_Heap_Size)
 *fill*         0x0000000020000180      0x200 
                0x0000000020000780                . = (. + _Min_Stack_Size)
 *fill*         0x0000000020000380      0x400 
                0x0000000020000780                . = ALIGN (0x8)

/DISCARD/
 libc.a(*)
 libm.a(*)
 libgcc.a(*)

.ARM.attributes
                0x0000000000000000       0x30
 *(.ARM.attributes)
 .ARM.attributes
                0x0000000000000000       0x1e c:/program files/stm32cubeide_1.12.1/stm32cubeide/plugins/com.st.stm32cube.ide.mcu.externaltools.gnu-tools-for-stm32.10.3-2021.10.win32_1.0.200.202301161003/tools/bin/../lib/gcc/arm-none-eabi/10.3.1/thumb/v7e-m+fp/hard/crti.o
 .ARM.attributes
                0x000000000000001e       0x34 c:/program files/stm32cubeide_1.12.1/stm32cubeide/plugins/com.st.stm32cube.ide.mcu.externaltools.gnu-tools-for-stm32.10.3-2021.10.win32_1.0.200.202301161003/tools/bin/../lib/gcc/arm-none-eabi/10.3.1/thumb/v7e-m+fp/hard/crtbegin.o
 .ARM.attributes
                0x0000000000000052       0x34 ./Core/Src/main.o
 .ARM.attributes
                0x0000000000000086       0x34 ./Core/Src/stm32l4xx_hal_msp.o
 .ARM.attributes
                0x00000000000000ba       0x34 ./Core/Src/stm32l4xx_it.o
 .ARM.attributes
                0x00000000000000ee       0x34 ./Core/Src/sysmem.o
 .ARM.attributes
                0x0000000000000122       0x34 ./Core/Src/system_stm32l4xx.o
 .ARM.attributes
                0x0000000000000156       0x21 ./Core/Startup/startup_stm32l432kcux.o
 .ARM.attributes
                0x0000000000000177       0x34 ./Drivers/STM32L4xx_HAL_Driver/Src/stm32l4xx_hal.o
 .ARM.attributes
                0x00000000000001ab       0x34 ./Drivers/STM32L4xx_HAL_Driver/Src/stm32l4xx_hal_cortex.o
 .ARM.attributes
                0x00000000000001df       0x34 ./Drivers/STM32L4xx_HAL_Driver/Src/stm32l4xx_hal_gpio.o
 .ARM.attributes
                0x0000000000000213       0x34 ./Drivers/STM32L4xx_HAL_Driver/Src/stm32l4xx_hal_i2c.o
 .ARM.attributes
                0x0000000000000247       0x34 ./Drivers/STM32L4xx_HAL_Driver/Src/stm32l4xx_hal_i2c_ex.o
 .ARM.attributes
                0x000000000000027b       0x34 ./Drivers/STM32L4xx_HAL_Driver/Src/stm32l4xx_hal_pwr.o
 .ARM.attributes
                0x00000000000002af       0x34 ./Drivers/STM32L4xx_HAL_Driver/Src/stm32l4xx_hal_pwr_ex.o
 .ARM.attributes
                0x00000000000002e3       0x34 ./Drivers/STM32L4xx_HAL_Driver/Src/stm32l4xx_hal_rcc.o
 .ARM.attributes
                0x0000000000000317       0x34 ./Drivers/STM32L4xx_HAL_Driver/Src/stm32l4xx_hal_rcc_ex.o
 .ARM.attributes
                0x000000000000034b       0x34 ./Drivers/STM32L4xx_HAL_Driver/Src/stm32l4xx_hal_uart.o
 .ARM.attributes
                0x000000000000037f       0x34 c:/program files/stm32cubeide_1.12.1/stm32cubeide/plugins/com.st.stm32cube.ide.mcu.externaltools.gnu-tools-for-stm32.10.3-2021.10.win32_1.0.200.202301161003/tools/bin/../lib/gcc/arm-none-eabi/10.3.1/../../../../arm-none-eabi/lib/thumb/v7e-m+fp/hard\libc_nano.a(lib_a-errno.o)
 .ARM.attributes
                0x00000000000003b3       0x34 c:/program files/stm32cubeide_1.12.1/stm32cubeide/plugins/com.st.stm32cube.ide.mcu.externaltools.gnu-tools-for-stm32.10.3-2021.10.win32_1.0.200.202301161003/tools/bin/../lib/gcc/arm-none-eabi/10.3.1/../../../../arm-none-eabi/lib/thumb/v7e-m+fp/hard\libc_nano.a(lib_a-impure.o)
 .ARM.attributes
                0x00000000000003e7       0x34 c:/program files/stm32cubeide_1.12.1/stm32cubeide/plugins/com.st.stm32cube.ide.mcu.externaltools.gnu-tools-for-stm32.10.3-2021.10.win32_1.0.200.202301161003/tools/bin/../lib/gcc/arm-none-eabi/10.3.1/../../../../arm-none-eabi/lib/thumb/v7e-m+fp/hard\libc_nano.a(lib_a-init.o)
 .ARM.attributes
                0x000000000000041b       0x34 c:/program files/stm32cubeide_1.12.1/stm32cubeide/plugins/com.st.stm32cube.ide.mcu.externaltools.gnu-tools-for-stm32.10.3-2021.10.win32_1.0.200.202301161003/tools/bin/../lib/gcc/arm-none-eabi/10.3.1/../../../../arm-none-eabi/lib/thumb/v7e-m+fp/hard\libc_nano.a(lib_a-memset.o)
 .ARM.attributes
                0x000000000000044f       0x34 c:/program files/stm32cubeide_1.12.1/stm32cubeide/plugins/com.st.stm32cube.ide.mcu.externaltools.gnu-tools-for-stm32.10.3-2021.10.win32_1.0.200.202301161003/tools/bin/../lib/gcc/arm-none-eabi/10.3.1/../../../../arm-none-eabi/lib/thumb/v7e-m+fp/hard\libc_nano.a(lib_a-sprintf.o)
 .ARM.attributes
                0x0000000000000483       0x17 c:/program files/stm32cubeide_1.12.1/stm32cubeide/plugins/com.st.stm32cube.ide.mcu.externaltools.gnu-tools-for-stm32.10.3-2021.10.win32_1.0.200.202301161003/tools/bin/../lib/gcc/arm-none-eabi/10.3.1/../../../../arm-none-eabi/lib/thumb/v7e-m+fp/hard\libc_nano.a(lib_a-strlen.o)
 .ARM.attributes
                0x000000000000049a       0x34 c:/program files/stm32cubeide_1.12.1/stm32cubeide/plugins/com.st.stm32cube.ide.mcu.externaltools.gnu-tools-for-stm32.10.3-2021.10.win32_1.0.200.202301161003/tools/bin/../lib/gcc/arm-none-eabi/10.3.1/../../../../arm-none-eabi/lib/thumb/v7e-m+fp/hard\libc_nano.a(lib_a-nano-svfprintf.o)
 .ARM.attributes
                0x00000000000004ce       0x34 c:/program files/stm32cubeide_1.12.1/stm32cubeide/plugins/com.st.stm32cube.ide.mcu.externaltools.gnu-tools-for-stm32.10.3-2021.10.win32_1.0.200.202301161003/tools/bin/../lib/gcc/arm-none-eabi/10.3.1/../../../../arm-none-eabi/lib/thumb/v7e-m+fp/hard\libc_nano.a(lib_a-nano-vfprintf_i.o)
 .ARM.attributes
                0x0000000000000502       0x1c c:/program files/stm32cubeide_1.12.1/stm32cubeide/plugins/com.st.stm32cube.ide.mcu.externaltools.gnu-tools-for-stm32.10.3-2021.10.win32_1.0.200.202301161003/tools/bin/../lib/gcc/arm-none-eabi/10.3.1/../../../../arm-none-eabi/lib/thumb/v7e-m+fp/hard\libc_nano.a(lib_a-memchr.o)
 .ARM.attributes
                0x000000000000051e       0x34 c:/program files/stm32cubeide_1.12.1/stm32cubeide/plugins/com.st.stm32cube.ide.mcu.externaltools.gnu-tools-for-stm32.10.3-2021.10.win32_1.0.200.202301161003/tools/bin/../lib/gcc/arm-none-eabi/10.3.1/../../../../arm-none-eabi/lib/thumb/v7e-m+fp/hard\libc_nano.a(lib_a-memcpy-stub.o)
 .ARM.attributes
                0x0000000000000552       0x34 c:/program files/stm32cubeide_1.12.1/stm32cubeide/plugins/com.st.stm32cube.ide.mcu.externaltools.gnu-tools-for-stm32.10.3-2021.10.win32_1.0.200.202301161003/tools/bin/../lib/gcc/arm-none-eabi/10.3.1/../../../../arm-none-eabi/lib/thumb/v7e-m+fp/hard\libc_nano.a(lib_a-memmove.o)
 .ARM.attributes
                0x0000000000000586       0x34 c:/program files/stm32cubeide_1.12.1/stm32cubeide/plugins/com.st.stm32cube.ide.mcu.externaltools.gnu-tools-for-stm32.10.3-2021.10.win32_1.0.200.202301161003/tools/bin/../lib/gcc/arm-none-eabi/10.3.1/../../../../arm-none-eabi/lib/thumb/v7e-m+fp/hard\libc_nano.a(lib_a-nano-freer.o)
 .ARM.attributes
                0x00000000000005ba       0x34 c:/program files/stm32cubeide_1.12.1/stm32cubeide/plugins/com.st.stm32cube.ide.mcu.externaltools.gnu-tools-for-stm32.10.3-2021.10.win32_1.0.200.202301161003/tools/bin/../lib/gcc/arm-none-eabi/10.3.1/../../../../arm-none-eabi/lib/thumb/v7e-m+fp/hard\libc_nano.a(lib_a-nano-mallocr.o)
 .ARM.attributes
                0x00000000000005ee       0x34 c:/program files/stm32cubeide_1.12.1/stm32cubeide/plugins/com.st.stm32cube.ide.mcu.externaltools.gnu-tools-for-stm32.10.3-2021.10.win32_1.0.200.202301161003/tools/bin/../lib/gcc/arm-none-eabi/10.3.1/../../../../arm-none-eabi/lib/thumb/v7e-m+fp/hard\libc_nano.a(lib_a-nano-reallocr.o)
 .ARM.attributes
                0x0000000000000622       0x34 c:/program files/stm32cubeide_1.12.1/stm32cubeide/plugins/com.st.stm32cube.ide.mcu.externaltools.gnu-tools-for-stm32.10.3-2021.10.win32_1.0.200.202301161003/tools/bin/../lib/gcc/arm-none-eabi/10.3.1/../../../../arm-none-eabi/lib/thumb/v7e-m+fp/hard\libc_nano.a(lib_a-sbrkr.o)
 .ARM.attributes
                0x0000000000000656       0x34 c:/program files/stm32cubeide_1.12.1/stm32cubeide/plugins/com.st.stm32cube.ide.mcu.externaltools.gnu-tools-for-stm32.10.3-2021.10.win32_1.0.200.202301161003/tools/bin/../lib/gcc/arm-none-eabi/10.3.1/../../../../arm-none-eabi/lib/thumb/v7e-m+fp/hard\libc_nano.a(lib_a-mlock.o)
 .ARM.attributes
                0x000000000000068a       0x34 c:/program files/stm32cubeide_1.12.1/stm32cubeide/plugins/com.st.stm32cube.ide.mcu.externaltools.gnu-tools-for-stm32.10.3-2021.10.win32_1.0.200.202301161003/tools/bin/../lib/gcc/arm-none-eabi/10.3.1/../../../../arm-none-eabi/lib/thumb/v7e-m+fp/hard\libc_nano.a(lib_a-nano-msizer.o)
 .ARM.attributes
                0x00000000000006be       0x34 c:/program files/stm32cubeide_1.12.1/stm32cubeide/plugins/com.st.stm32cube.ide.mcu.externaltools.gnu-tools-for-stm32.10.3-2021.10.win32_1.0.200.202301161003/tools/bin/../lib/gcc/arm-none-eabi/10.3.1/../../../../arm-none-eabi/lib/thumb/v7e-m+fp/hard\libc_nano.a(lib_a-reent.o)
 .ARM.attributes
                0x00000000000006f2       0x34 c:/program files/stm32cubeide_1.12.1/stm32cubeide/plugins/com.st.stm32cube.ide.mcu.externaltools.gnu-tools-for-stm32.10.3-2021.10.win32_1.0.200.202301161003/tools/bin/../lib/gcc/arm-none-eabi/10.3.1/../../../../arm-none-eabi/lib/thumb/v7e-m+fp/hard\libc_nano.a(lib_a-lock.o)
 .ARM.attributes
                0x0000000000000726       0x1e c:/program files/stm32cubeide_1.12.1/stm32cubeide/plugins/com.st.stm32cube.ide.mcu.externaltools.gnu-tools-for-stm32.10.3-2021.10.win32_1.0.200.202301161003/tools/bin/../lib/gcc/arm-none-eabi/10.3.1/thumb/v7e-m+fp/hard\libgcc.a(_aeabi_uldivmod.o)
 .ARM.attributes
                0x0000000000000744       0x34 c:/program files/stm32cubeide_1.12.1/stm32cubeide/plugins/com.st.stm32cube.ide.mcu.externaltools.gnu-tools-for-stm32.10.3-2021.10.win32_1.0.200.202301161003/tools/bin/../lib/gcc/arm-none-eabi/10.3.1/thumb/v7e-m+fp/hard\libgcc.a(_udivmoddi4.o)
 .ARM.attributes
                0x0000000000000778       0x1e c:/program files/stm32cubeide_1.12.1/stm32cubeide/plugins/com.st.stm32cube.ide.mcu.externaltools.gnu-tools-for-stm32.10.3-2021.10.win32_1.0.200.202301161003/tools/bin/../lib/gcc/arm-none-eabi/10.3.1/thumb/v7e-m+fp/hard\libgcc.a(_dvmd_tls.o)
 .ARM.attributes
                0x0000000000000796       0x1e c:/program files/stm32cubeide_1.12.1/stm32cubeide/plugins/com.st.stm32cube.ide.mcu.externaltools.gnu-tools-for-stm32.10.3-2021.10.win32_1.0.200.202301161003/tools/bin/../lib/gcc/arm-none-eabi/10.3.1/thumb/v7e-m+fp/hard/crtn.o
OUTPUT(NFC.elf elf32-littlearm)
LOAD linker stubs
LOAD c:/program files/stm32cubeide_1.12.1/stm32cubeide/plugins/com.st.stm32cube.ide.mcu.externaltools.gnu-tools-for-stm32.10.3-2021.10.win32_1.0.200.202301161003/tools/bin/../lib/gcc/arm-none-eabi/10.3.1/../../../../arm-none-eabi/lib/thumb/v7e-m+fp/hard\libc.a
LOAD c:/program files/stm32cubeide_1.12.1/stm32cubeide/plugins/com.st.stm32cube.ide.mcu.externaltools.gnu-tools-for-stm32.10.3-2021.10.win32_1.0.200.202301161003/tools/bin/../lib/gcc/arm-none-eabi/10.3.1/../../../../arm-none-eabi/lib/thumb/v7e-m+fp/hard\libm.a
LOAD c:/program files/stm32cubeide_1.12.1/stm32cubeide/plugins/com.st.stm32cube.ide.mcu.externaltools.gnu-tools-for-stm32.10.3-2021.10.win32_1.0.200.202301161003/tools/bin/../lib/gcc/arm-none-eabi/10.3.1/thumb/v7e-m+fp/hard\libgcc.a

.debug_info     0x0000000000000000     0xe3a0
 .debug_info    0x0000000000000000     0x12fc ./Core/Src/main.o
 .debug_info    0x00000000000012fc     0x1021 ./Core/Src/stm32l4xx_hal_msp.o
 .debug_info    0x000000000000231d      0x122 ./Core/Src/stm32l4xx_it.o
 .debug_info    0x000000000000243f      0x171 ./Core/Src/sysmem.o
 .debug_info    0x00000000000025b0      0x5d4 ./Core/Src/system_stm32l4xx.o
 .debug_info    0x0000000000002b84       0x22 ./Core/Startup/startup_stm32l432kcux.o
 .debug_info    0x0000000000002ba6      0x9da ./Drivers/STM32L4xx_HAL_Driver/Src/stm32l4xx_hal.o
 .debug_info    0x0000000000003580      0xda3 ./Drivers/STM32L4xx_HAL_Driver/Src/stm32l4xx_hal_cortex.o
 .debug_info    0x0000000000004323      0x821 ./Drivers/STM32L4xx_HAL_Driver/Src/stm32l4xx_hal_gpio.o
 .debug_info    0x0000000000004b44     0x2232 ./Drivers/STM32L4xx_HAL_Driver/Src/stm32l4xx_hal_i2c.o
 .debug_info    0x0000000000006d76      0xa53 ./Drivers/STM32L4xx_HAL_Driver/Src/stm32l4xx_hal_i2c_ex.o
 .debug_info    0x00000000000077c9      0x95e ./Drivers/STM32L4xx_HAL_Driver/Src/stm32l4xx_hal_pwr.o
 .debug_info    0x0000000000008127      0x96b ./Drivers/STM32L4xx_HAL_Driver/Src/stm32l4xx_hal_pwr_ex.o
 .debug_info    0x0000000000008a92      0xc97 ./Drivers/STM32L4xx_HAL_Driver/Src/stm32l4xx_hal_rcc.o
 .debug_info    0x0000000000009729      0xf5b ./Drivers/STM32L4xx_HAL_Driver/Src/stm32l4xx_hal_rcc_ex.o
 .debug_info    0x000000000000a684     0x3d1c ./Drivers/STM32L4xx_HAL_Driver/Src/stm32l4xx_hal_uart.o

.debug_abbrev   0x0000000000000000     0x1d98
 .debug_abbrev  0x0000000000000000      0x2c1 ./Core/Src/main.o
 .debug_abbrev  0x00000000000002c1      0x1d0 ./Core/Src/stm32l4xx_hal_msp.o
 .debug_abbrev  0x0000000000000491       0x74 ./Core/Src/stm32l4xx_it.o
 .debug_abbrev  0x0000000000000505       0xbb ./Core/Src/sysmem.o
 .debug_abbrev  0x00000000000005c0      0x116 ./Core/Src/system_stm32l4xx.o
 .debug_abbrev  0x00000000000006d6       0x12 ./Core/Startup/startup_stm32l432kcux.o
 .debug_abbrev  0x00000000000006e8      0x21e ./Drivers/STM32L4xx_HAL_Driver/Src/stm32l4xx_hal.o
 .debug_abbrev  0x0000000000000906      0x316 ./Drivers/STM32L4xx_HAL_Driver/Src/stm32l4xx_hal_cortex.o
 .debug_abbrev  0x0000000000000c1c      0x1bb ./Drivers/STM32L4xx_HAL_Driver/Src/stm32l4xx_hal_gpio.o
 .debug_abbrev  0x0000000000000dd7      0x243 ./Drivers/STM32L4xx_HAL_Driver/Src/stm32l4xx_hal_i2c.o
 .debug_abbrev  0x000000000000101a      0x1b0 ./Drivers/STM32L4xx_HAL_Driver/Src/stm32l4xx_hal_i2c_ex.o
 .debug_abbrev  0x00000000000011ca      0x1c9 ./Drivers/STM32L4xx_HAL_Driver/Src/stm32l4xx_hal_pwr.o
 .debug_abbrev  0x0000000000001393      0x1f3 ./Drivers/STM32L4xx_HAL_Driver/Src/stm32l4xx_hal_pwr_ex.o
 .debug_abbrev  0x0000000000001586      0x2bd ./Drivers/STM32L4xx_HAL_Driver/Src/stm32l4xx_hal_rcc.o
 .debug_abbrev  0x0000000000001843      0x299 ./Drivers/STM32L4xx_HAL_Driver/Src/stm32l4xx_hal_rcc_ex.o
 .debug_abbrev  0x0000000000001adc      0x2bc ./Drivers/STM32L4xx_HAL_Driver/Src/stm32l4xx_hal_uart.o

.debug_aranges  0x0000000000000000      0xc20
 .debug_aranges
                0x0000000000000000       0x48 ./Core/Src/main.o
 .debug_aranges
                0x0000000000000048       0x40 ./Core/Src/stm32l4xx_hal_msp.o
 .debug_aranges
                0x0000000000000088       0x60 ./Core/Src/stm32l4xx_it.o
 .debug_aranges
                0x00000000000000e8       0x20 ./Core/Src/sysmem.o
 .debug_aranges
                0x0000000000000108       0x28 ./Core/Src/system_stm32l4xx.o
 .debug_aranges
                0x0000000000000130       0x28 ./Core/Startup/startup_stm32l432kcux.o
 .debug_aranges
                0x0000000000000158      0x108 ./Drivers/STM32L4xx_HAL_Driver/Src/stm32l4xx_hal.o
 .debug_aranges
                0x0000000000000260      0x118 ./Drivers/STM32L4xx_HAL_Driver/Src/stm32l4xx_hal_cortex.o
 .debug_aranges
                0x0000000000000378       0x58 ./Drivers/STM32L4xx_HAL_Driver/Src/stm32l4xx_hal_gpio.o
 .debug_aranges
                0x00000000000003d0      0x2a0 ./Drivers/STM32L4xx_HAL_Driver/Src/stm32l4xx_hal_i2c.o
 .debug_aranges
                0x0000000000000670       0x48 ./Drivers/STM32L4xx_HAL_Driver/Src/stm32l4xx_hal_i2c_ex.o
 .debug_aranges
                0x00000000000006b8       0x98 ./Drivers/STM32L4xx_HAL_Driver/Src/stm32l4xx_hal_pwr.o
 .debug_aranges
                0x0000000000000750      0x128 ./Drivers/STM32L4xx_HAL_Driver/Src/stm32l4xx_hal_pwr_ex.o
 .debug_aranges
                0x0000000000000878       0x90 ./Drivers/STM32L4xx_HAL_Driver/Src/stm32l4xx_hal_rcc.o
 .debug_aranges
                0x0000000000000908       0xf0 ./Drivers/STM32L4xx_HAL_Driver/Src/stm32l4xx_hal_rcc_ex.o
 .debug_aranges
                0x00000000000009f8      0x228 ./Drivers/STM32L4xx_HAL_Driver/Src/stm32l4xx_hal_uart.o

.debug_ranges   0x0000000000000000      0xb58
 .debug_ranges  0x0000000000000000       0x38 ./Core/Src/main.o
 .debug_ranges  0x0000000000000038       0x30 ./Core/Src/stm32l4xx_hal_msp.o
 .debug_ranges  0x0000000000000068       0x50 ./Core/Src/stm32l4xx_it.o
 .debug_ranges  0x00000000000000b8       0x10 ./Core/Src/sysmem.o
 .debug_ranges  0x00000000000000c8       0x18 ./Core/Src/system_stm32l4xx.o
 .debug_ranges  0x00000000000000e0       0x20 ./Core/Startup/startup_stm32l432kcux.o
 .debug_ranges  0x0000000000000100       0xf8 ./Drivers/STM32L4xx_HAL_Driver/Src/stm32l4xx_hal.o
 .debug_ranges  0x00000000000001f8      0x108 ./Drivers/STM32L4xx_HAL_Driver/Src/stm32l4xx_hal_cortex.o
 .debug_ranges  0x0000000000000300       0x48 ./Drivers/STM32L4xx_HAL_Driver/Src/stm32l4xx_hal_gpio.o
 .debug_ranges  0x0000000000000348      0x290 ./Drivers/STM32L4xx_HAL_Driver/Src/stm32l4xx_hal_i2c.o
 .debug_ranges  0x00000000000005d8       0x38 ./Drivers/STM32L4xx_HAL_Driver/Src/stm32l4xx_hal_i2c_ex.o
 .debug_ranges  0x0000000000000610       0x88 ./Drivers/STM32L4xx_HAL_Driver/Src/stm32l4xx_hal_pwr.o
 .debug_ranges  0x0000000000000698      0x118 ./Drivers/STM32L4xx_HAL_Driver/Src/stm32l4xx_hal_pwr_ex.o
 .debug_ranges  0x00000000000007b0       0x80 ./Drivers/STM32L4xx_HAL_Driver/Src/stm32l4xx_hal_rcc.o
 .debug_ranges  0x0000000000000830       0xe0 ./Drivers/STM32L4xx_HAL_Driver/Src/stm32l4xx_hal_rcc_ex.o
 .debug_ranges  0x0000000000000910      0x248 ./Drivers/STM32L4xx_HAL_Driver/Src/stm32l4xx_hal_uart.o

.debug_macro    0x0000000000000000    0x1f985
 .debug_macro   0x0000000000000000      0x1dd ./Core/Src/main.o
 .debug_macro   0x00000000000001dd      0xa78 ./Core/Src/main.o
 .debug_macro   0x0000000000000c55      0x1a7 ./Core/Src/main.o
 .debug_macro   0x0000000000000dfc       0x2e ./Core/Src/main.o
 .debug_macro   0x0000000000000e2a       0x28 ./Core/Src/main.o
 .debug_macro   0x0000000000000e52       0x22 ./Core/Src/main.o
 .debug_macro   0x0000000000000e74       0x8e ./Core/Src/main.o
 .debug_macro   0x0000000000000f02       0x51 ./Core/Src/main.o
 .debug_macro   0x0000000000000f53      0x103 ./Core/Src/main.o
 .debug_macro   0x0000000000001056       0x6a ./Core/Src/main.o
 .debug_macro   0x00000000000010c0      0x1df ./Core/Src/main.o
 .debug_macro   0x000000000000129f       0x1c ./Core/Src/main.o
 .debug_macro   0x00000000000012bb       0x22 ./Core/Src/main.o
 .debug_macro   0x00000000000012dd       0xfb ./Core/Src/main.o
 .debug_macro   0x00000000000013d8     0x1011 ./Core/Src/main.o
 .debug_macro   0x00000000000023e9      0x11f ./Core/Src/main.o
 .debug_macro   0x0000000000002508    0x147a6 ./Core/Src/main.o
 .debug_macro   0x0000000000016cae       0x6d ./Core/Src/main.o
 .debug_macro   0x0000000000016d1b     0x38e6 ./Core/Src/main.o
 .debug_macro   0x000000000001a601      0x174 ./Core/Src/main.o
 .debug_macro   0x000000000001a775       0x5c ./Core/Src/main.o
 .debug_macro   0x000000000001a7d1     0x11ca ./Core/Src/main.o
 .debug_macro   0x000000000001b99b      0x53c ./Core/Src/main.o
 .debug_macro   0x000000000001bed7      0x1b9 ./Core/Src/main.o
 .debug_macro   0x000000000001c090      0x122 ./Core/Src/main.o
 .debug_macro   0x000000000001c1b2      0x26b ./Core/Src/main.o
 .debug_macro   0x000000000001c41d      0x23d ./Core/Src/main.o
 .debug_macro   0x000000000001c65a      0x241 ./Core/Src/main.o
 .debug_macro   0x000000000001c89b      0x375 ./Core/Src/main.o
 .debug_macro   0x000000000001cc10       0xd6 ./Core/Src/main.o
 .debug_macro   0x000000000001cce6      0x22c ./Core/Src/main.o
 .debug_macro   0x000000000001cf12       0x61 ./Core/Src/main.o
 .debug_macro   0x000000000001cf73       0xa5 ./Core/Src/main.o
 .debug_macro   0x000000000001d018      0x122 ./Core/Src/main.o
 .debug_macro   0x000000000001d13a      0x356 ./Core/Src/main.o
 .debug_macro   0x000000000001d490      0x5ba ./Core/Src/main.o
 .debug_macro   0x000000000001da4a       0x44 ./Core/Src/main.o
 .debug_macro   0x000000000001da8e      0x220 ./Core/Src/main.o
 .debug_macro   0x000000000001dcae       0x58 ./Core/Src/main.o
 .debug_macro   0x000000000001dd06       0x22 ./Core/Src/main.o
 .debug_macro   0x000000000001dd28      0x1d4 ./Core/Src/stm32l4xx_hal_msp.o
 .debug_macro   0x000000000001defc      0x1de ./Core/Src/stm32l4xx_it.o
 .debug_macro   0x000000000001e0da       0xff ./Core/Src/sysmem.o
 .debug_macro   0x000000000001e1d9      0x23b ./Core/Src/sysmem.o
 .debug_macro   0x000000000001e414      0x1c5 ./Core/Src/system_stm32l4xx.o
 .debug_macro   0x000000000001e5d9      0x20d ./Drivers/STM32L4xx_HAL_Driver/Src/stm32l4xx_hal.o
 .debug_macro   0x000000000001e7e6      0x1c5 ./Drivers/STM32L4xx_HAL_Driver/Src/stm32l4xx_hal_cortex.o
 .debug_macro   0x000000000001e9ab      0x1cc ./Drivers/STM32L4xx_HAL_Driver/Src/stm32l4xx_hal_gpio.o
 .debug_macro   0x000000000001eb77      0x291 ./Drivers/STM32L4xx_HAL_Driver/Src/stm32l4xx_hal_i2c.o
 .debug_macro   0x000000000001ee08      0x1c5 ./Drivers/STM32L4xx_HAL_Driver/Src/stm32l4xx_hal_i2c_ex.o
 .debug_macro   0x000000000001efcd      0x1dd ./Drivers/STM32L4xx_HAL_Driver/Src/stm32l4xx_hal_pwr.o
 .debug_macro   0x000000000001f1aa      0x1e9 ./Drivers/STM32L4xx_HAL_Driver/Src/stm32l4xx_hal_pwr_ex.o
 .debug_macro   0x000000000001f393      0x207 ./Drivers/STM32L4xx_HAL_Driver/Src/stm32l4xx_hal_rcc.o
 .debug_macro   0x000000000001f59a      0x1fb ./Drivers/STM32L4xx_HAL_Driver/Src/stm32l4xx_hal_rcc_ex.o
 .debug_macro   0x000000000001f795      0x1f0 ./Drivers/STM32L4xx_HAL_Driver/Src/stm32l4xx_hal_uart.o

.debug_line     0x0000000000000000     0xef93
 .debug_line    0x0000000000000000      0x8e2 ./Core/Src/main.o
 .debug_line    0x00000000000008e2      0x7c1 ./Core/Src/stm32l4xx_hal_msp.o
 .debug_line    0x00000000000010a3      0x7b3 ./Core/Src/stm32l4xx_it.o
 .debug_line    0x0000000000001856      0x52b ./Core/Src/sysmem.o
 .debug_line    0x0000000000001d81      0x788 ./Core/Src/system_stm32l4xx.o
 .debug_line    0x0000000000002509       0x88 ./Core/Startup/startup_stm32l432kcux.o
 .debug_line    0x0000000000002591      0xa4d ./Drivers/STM32L4xx_HAL_Driver/Src/stm32l4xx_hal.o
 .debug_line    0x0000000000002fde      0xc87 ./Drivers/STM32L4xx_HAL_Driver/Src/stm32l4xx_hal_cortex.o
 .debug_line    0x0000000000003c65      0xad7 ./Drivers/STM32L4xx_HAL_Driver/Src/stm32l4xx_hal_gpio.o
 .debug_line    0x000000000000473c     0x3672 ./Drivers/STM32L4xx_HAL_Driver/Src/stm32l4xx_hal_i2c.o
 .debug_line    0x0000000000007dae      0x90e ./Drivers/STM32L4xx_HAL_Driver/Src/stm32l4xx_hal_i2c_ex.o
 .debug_line    0x00000000000086bc      0x8bd ./Drivers/STM32L4xx_HAL_Driver/Src/stm32l4xx_hal_pwr.o
 .debug_line    0x0000000000008f79      0xbdf ./Drivers/STM32L4xx_HAL_Driver/Src/stm32l4xx_hal_pwr_ex.o
 .debug_line    0x0000000000009b58      0xf98 ./Drivers/STM32L4xx_HAL_Driver/Src/stm32l4xx_hal_rcc.o
 .debug_line    0x000000000000aaf0     0x12b2 ./Drivers/STM32L4xx_HAL_Driver/Src/stm32l4xx_hal_rcc_ex.o
 .debug_line    0x000000000000bda2     0x31f1 ./Drivers/STM32L4xx_HAL_Driver/Src/stm32l4xx_hal_uart.o

.debug_str      0x0000000000000000    0xbff96
 .debug_str     0x0000000000000000    0xba941 ./Core/Src/main.o
                                      0xbacf7 (size before relaxing)
 .debug_str     0x00000000000ba941      0x273 ./Core/Src/stm32l4xx_hal_msp.o
                                      0xbab67 (size before relaxing)
 .debug_str     0x00000000000babb4       0xc9 ./Core/Src/stm32l4xx_it.o
                                      0xba117 (size before relaxing)
 .debug_str     0x00000000000bac7d     0x1e80 ./Core/Src/sysmem.o
                                       0x5dba (size before relaxing)
 .debug_str     0x00000000000bcafd       0xf2 ./Core/Src/system_stm32l4xx.o
                                      0xba180 (size before relaxing)
 .debug_str     0x00000000000bcbef       0x36 ./Core/Startup/startup_stm32l432kcux.o
                                         0x64 (size before relaxing)
 .debug_str     0x00000000000bcc25      0x8ff ./Drivers/STM32L4xx_HAL_Driver/Src/stm32l4xx_hal.o
                                      0xbab0d (size before relaxing)
 .debug_str     0x00000000000bd524      0x344 ./Drivers/STM32L4xx_HAL_Driver/Src/stm32l4xx_hal_cortex.o
                                      0xba8ae (size before relaxing)
 .debug_str     0x00000000000bd868       0xff ./Drivers/STM32L4xx_HAL_Driver/Src/stm32l4xx_hal_gpio.o
                                      0xba2f4 (size before relaxing)
 .debug_str     0x00000000000bd967      0xdb5 ./Drivers/STM32L4xx_HAL_Driver/Src/stm32l4xx_hal_i2c.o
                                      0xbb381 (size before relaxing)
 .debug_str     0x00000000000be71c       0xb8 ./Drivers/STM32L4xx_HAL_Driver/Src/stm32l4xx_hal_i2c_ex.o
                                      0xba6b7 (size before relaxing)
 .debug_str     0x00000000000be7d4      0x333 ./Drivers/STM32L4xx_HAL_Driver/Src/stm32l4xx_hal_pwr.o
                                      0xba4ca (size before relaxing)
 .debug_str     0x00000000000beb07      0x369 ./Drivers/STM32L4xx_HAL_Driver/Src/stm32l4xx_hal_pwr_ex.o
                                      0xba628 (size before relaxing)
 .debug_str     0x00000000000bee70      0x381 ./Drivers/STM32L4xx_HAL_Driver/Src/stm32l4xx_hal_rcc.o
                                      0xba780 (size before relaxing)
 .debug_str     0x00000000000bf1f1      0x4ea ./Drivers/STM32L4xx_HAL_Driver/Src/stm32l4xx_hal_rcc_ex.o
                                      0xba9e0 (size before relaxing)
 .debug_str     0x00000000000bf6db      0x8bb ./Drivers/STM32L4xx_HAL_Driver/Src/stm32l4xx_hal_uart.o
                                      0xbaeb0 (size before relaxing)

.comment        0x0000000000000000       0x50
 .comment       0x0000000000000000       0x50 ./Core/Src/main.o
                                         0x51 (size before relaxing)
 .comment       0x0000000000000050       0x51 ./Core/Src/stm32l4xx_hal_msp.o
 .comment       0x0000000000000050       0x51 ./Core/Src/stm32l4xx_it.o
 .comment       0x0000000000000050       0x51 ./Core/Src/sysmem.o
 .comment       0x0000000000000050       0x51 ./Core/Src/system_stm32l4xx.o
 .comment       0x0000000000000050       0x51 ./Drivers/STM32L4xx_HAL_Driver/Src/stm32l4xx_hal.o
 .comment       0x0000000000000050       0x51 ./Drivers/STM32L4xx_HAL_Driver/Src/stm32l4xx_hal_cortex.o
 .comment       0x0000000000000050       0x51 ./Drivers/STM32L4xx_HAL_Driver/Src/stm32l4xx_hal_gpio.o
 .comment       0x0000000000000050       0x51 ./Drivers/STM32L4xx_HAL_Driver/Src/stm32l4xx_hal_i2c.o
 .comment       0x0000000000000050       0x51 ./Drivers/STM32L4xx_HAL_Driver/Src/stm32l4xx_hal_i2c_ex.o
 .comment       0x0000000000000050       0x51 ./Drivers/STM32L4xx_HAL_Driver/Src/stm32l4xx_hal_pwr.o
 .comment       0x0000000000000050       0x51 ./Drivers/STM32L4xx_HAL_Driver/Src/stm32l4xx_hal_pwr_ex.o
 .comment       0x0000000000000050       0x51 ./Drivers/STM32L4xx_HAL_Driver/Src/stm32l4xx_hal_rcc.o
 .comment       0x0000000000000050       0x51 ./Drivers/STM32L4xx_HAL_Driver/Src/stm32l4xx_hal_rcc_ex.o
 .comment       0x0000000000000050       0x51 ./Drivers/STM32L4xx_HAL_Driver/Src/stm32l4xx_hal_uart.o

.debug_frame    0x0000000000000000     0x3594
 .debug_frame   0x0000000000000000       0xc8 ./Core/Src/main.o
 .debug_frame   0x00000000000000c8       0xd0 ./Core/Src/stm32l4xx_hal_msp.o
 .debug_frame   0x0000000000000198      0x104 ./Core/Src/stm32l4xx_it.o
 .debug_frame   0x000000000000029c       0x34 ./Core/Src/sysmem.o
 .debug_frame   0x00000000000002d0       0x58 ./Core/Src/system_stm32l4xx.o
 .debug_frame   0x0000000000000328      0x3dc ./Drivers/STM32L4xx_HAL_Driver/Src/stm32l4xx_hal.o
 .debug_frame   0x0000000000000704      0x498 ./Drivers/STM32L4xx_HAL_Driver/Src/stm32l4xx_hal_cortex.o
 .debug_frame   0x0000000000000b9c      0x14c ./Drivers/STM32L4xx_HAL_Driver/Src/stm32l4xx_hal_gpio.o
 .debug_frame   0x0000000000000ce8      0xc38 ./Drivers/STM32L4xx_HAL_Driver/Src/stm32l4xx_hal_i2c.o
 .debug_frame   0x0000000000001920      0x100 ./Drivers/STM32L4xx_HAL_Driver/Src/stm32l4xx_hal_i2c_ex.o
 .debug_frame   0x0000000000001a20      0x230 ./Drivers/STM32L4xx_HAL_Driver/Src/stm32l4xx_hal_pwr.o
 .debug_frame   0x0000000000001c50      0x4a4 ./Drivers/STM32L4xx_HAL_Driver/Src/stm32l4xx_hal_pwr_ex.o
 .debug_frame   0x00000000000020f4      0x21c ./Drivers/STM32L4xx_HAL_Driver/Src/stm32l4xx_hal_rcc.o
 .debug_frame   0x0000000000002310      0x3d0 ./Drivers/STM32L4xx_HAL_Driver/Src/stm32l4xx_hal_rcc_ex.o
 .debug_frame   0x00000000000026e0      0x9f4 ./Drivers/STM32L4xx_HAL_Driver/Src/stm32l4xx_hal_uart.o
 .debug_frame   0x00000000000030d4       0x20 c:/program files/stm32cubeide_1.12.1/stm32cubeide/plugins/com.st.stm32cube.ide.mcu.externaltools.gnu-tools-for-stm32.10.3-2021.10.win32_1.0.200.202301161003/tools/bin/../lib/gcc/arm-none-eabi/10.3.1/../../../../arm-none-eabi/lib/thumb/v7e-m+fp/hard\libc_nano.a(lib_a-errno.o)
 .debug_frame   0x00000000000030f4       0x2c c:/program files/stm32cubeide_1.12.1/stm32cubeide/plugins/com.st.stm32cube.ide.mcu.externaltools.gnu-tools-for-stm32.10.3-2021.10.win32_1.0.200.202301161003/tools/bin/../lib/gcc/arm-none-eabi/10.3.1/../../../../arm-none-eabi/lib/thumb/v7e-m+fp/hard\libc_nano.a(lib_a-init.o)
 .debug_frame   0x0000000000003120       0x20 c:/program files/stm32cubeide_1.12.1/stm32cubeide/plugins/com.st.stm32cube.ide.mcu.externaltools.gnu-tools-for-stm32.10.3-2021.10.win32_1.0.200.202301161003/tools/bin/../lib/gcc/arm-none-eabi/10.3.1/../../../../arm-none-eabi/lib/thumb/v7e-m+fp/hard\libc_nano.a(lib_a-memset.o)
 .debug_frame   0x0000000000003140       0x6c c:/program files/stm32cubeide_1.12.1/stm32cubeide/plugins/com.st.stm32cube.ide.mcu.externaltools.gnu-tools-for-stm32.10.3-2021.10.win32_1.0.200.202301161003/tools/bin/../lib/gcc/arm-none-eabi/10.3.1/../../../../arm-none-eabi/lib/thumb/v7e-m+fp/hard\libc_nano.a(lib_a-sprintf.o)
 .debug_frame   0x00000000000031ac       0x90 c:/program files/stm32cubeide_1.12.1/stm32cubeide/plugins/com.st.stm32cube.ide.mcu.externaltools.gnu-tools-for-stm32.10.3-2021.10.win32_1.0.200.202301161003/tools/bin/../lib/gcc/arm-none-eabi/10.3.1/../../../../arm-none-eabi/lib/thumb/v7e-m+fp/hard\libc_nano.a(lib_a-nano-svfprintf.o)
 .debug_frame   0x000000000000323c       0x60 c:/program files/stm32cubeide_1.12.1/stm32cubeide/plugins/com.st.stm32cube.ide.mcu.externaltools.gnu-tools-for-stm32.10.3-2021.10.win32_1.0.200.202301161003/tools/bin/../lib/gcc/arm-none-eabi/10.3.1/../../../../arm-none-eabi/lib/thumb/v7e-m+fp/hard\libc_nano.a(lib_a-nano-vfprintf_i.o)
 .debug_frame   0x000000000000329c       0x28 c:/program files/stm32cubeide_1.12.1/stm32cubeide/plugins/com.st.stm32cube.ide.mcu.externaltools.gnu-tools-for-stm32.10.3-2021.10.win32_1.0.200.202301161003/tools/bin/../lib/gcc/arm-none-eabi/10.3.1/../../../../arm-none-eabi/lib/thumb/v7e-m+fp/hard\libc_nano.a(lib_a-memcpy-stub.o)
 .debug_frame   0x00000000000032c4       0x28 c:/program files/stm32cubeide_1.12.1/stm32cubeide/plugins/com.st.stm32cube.ide.mcu.externaltools.gnu-tools-for-stm32.10.3-2021.10.win32_1.0.200.202301161003/tools/bin/../lib/gcc/arm-none-eabi/10.3.1/../../../../arm-none-eabi/lib/thumb/v7e-m+fp/hard\libc_nano.a(lib_a-memmove.o)
 .debug_frame   0x00000000000032ec       0x38 c:/program files/stm32cubeide_1.12.1/stm32cubeide/plugins/com.st.stm32cube.ide.mcu.externaltools.gnu-tools-for-stm32.10.3-2021.10.win32_1.0.200.202301161003/tools/bin/../lib/gcc/arm-none-eabi/10.3.1/../../../../arm-none-eabi/lib/thumb/v7e-m+fp/hard\libc_nano.a(lib_a-nano-freer.o)
 .debug_frame   0x0000000000003324       0x4c c:/program files/stm32cubeide_1.12.1/stm32cubeide/plugins/com.st.stm32cube.ide.mcu.externaltools.gnu-tools-for-stm32.10.3-2021.10.win32_1.0.200.202301161003/tools/bin/../lib/gcc/arm-none-eabi/10.3.1/../../../../arm-none-eabi/lib/thumb/v7e-m+fp/hard\libc_nano.a(lib_a-nano-mallocr.o)
 .debug_frame   0x0000000000003370       0x3c c:/program files/stm32cubeide_1.12.1/stm32cubeide/plugins/com.st.stm32cube.ide.mcu.externaltools.gnu-tools-for-stm32.10.3-2021.10.win32_1.0.200.202301161003/tools/bin/../lib/gcc/arm-none-eabi/10.3.1/../../../../arm-none-eabi/lib/thumb/v7e-m+fp/hard\libc_nano.a(lib_a-nano-reallocr.o)
 .debug_frame   0x00000000000033ac       0x2c c:/program files/stm32cubeide_1.12.1/stm32cubeide/plugins/com.st.stm32cube.ide.mcu.externaltools.gnu-tools-for-stm32.10.3-2021.10.win32_1.0.200.202301161003/tools/bin/../lib/gcc/arm-none-eabi/10.3.1/../../../../arm-none-eabi/lib/thumb/v7e-m+fp/hard\libc_nano.a(lib_a-sbrkr.o)
 .debug_frame   0x00000000000033d8       0x30 c:/program files/stm32cubeide_1.12.1/stm32cubeide/plugins/com.st.stm32cube.ide.mcu.externaltools.gnu-tools-for-stm32.10.3-2021.10.win32_1.0.200.202301161003/tools/bin/../lib/gcc/arm-none-eabi/10.3.1/../../../../arm-none-eabi/lib/thumb/v7e-m+fp/hard\libc_nano.a(lib_a-mlock.o)
 .debug_frame   0x0000000000003408       0x20 c:/program files/stm32cubeide_1.12.1/stm32cubeide/plugins/com.st.stm32cube.ide.mcu.externaltools.gnu-tools-for-stm32.10.3-2021.10.win32_1.0.200.202301161003/tools/bin/../lib/gcc/arm-none-eabi/10.3.1/../../../../arm-none-eabi/lib/thumb/v7e-m+fp/hard\libc_nano.a(lib_a-nano-msizer.o)
 .debug_frame   0x0000000000003428       0x5c c:/program files/stm32cubeide_1.12.1/stm32cubeide/plugins/com.st.stm32cube.ide.mcu.externaltools.gnu-tools-for-stm32.10.3-2021.10.win32_1.0.200.202301161003/tools/bin/../lib/gcc/arm-none-eabi/10.3.1/../../../../arm-none-eabi/lib/thumb/v7e-m+fp/hard\libc_nano.a(lib_a-reent.o)
 .debug_frame   0x0000000000003484       0xb0 c:/program files/stm32cubeide_1.12.1/stm32cubeide/plugins/com.st.stm32cube.ide.mcu.externaltools.gnu-tools-for-stm32.10.3-2021.10.win32_1.0.200.202301161003/tools/bin/../lib/gcc/arm-none-eabi/10.3.1/../../../../arm-none-eabi/lib/thumb/v7e-m+fp/hard\libc_nano.a(lib_a-lock.o)
 .debug_frame   0x0000000000003534       0x2c c:/program files/stm32cubeide_1.12.1/stm32cubeide/plugins/com.st.stm32cube.ide.mcu.externaltools.gnu-tools-for-stm32.10.3-2021.10.win32_1.0.200.202301161003/tools/bin/../lib/gcc/arm-none-eabi/10.3.1/thumb/v7e-m+fp/hard\libgcc.a(_aeabi_uldivmod.o)
 .debug_frame   0x0000000000003560       0x34 c:/program files/stm32cubeide_1.12.1/stm32cubeide/plugins/com.st.stm32cube.ide.mcu.externaltools.gnu-tools-for-stm32.10.3-2021.10.win32_1.0.200.202301161003/tools/bin/../lib/gcc/arm-none-eabi/10.3.1/thumb/v7e-m+fp/hard\libgcc.a(_udivmoddi4.o)
